Archive member included to satisfy reference by file (symbol)

C:\nburn/lib/MOD5441X.a(bsp.o)
                              udp_input.o (_Z11ForceRebootb)
C:\nburn/lib/MOD5441X.a(mmc.o)
                              ftp\FileSystemUtils.o (mmc_initfunc)
C:\nburn/lib/MOD5441X.a(serial.o)
                              C:\nburn/lib/MOD5441X.a(bsp.o) (_Z10OpenSerialijii11parity_mode)
C:\nburn/lib/MOD5441X.a(ethernet.o)
                              ftp\effs_time.o (_Z9EtherLinkv)
C:\nburn/lib/MOD5441X.a(etherprint.o)
                              C:\nburn/lib/MOD5441X.a(ethernet.o) (_ZN12EthernetVars9EtherLinkEv)
C:\nburn/lib/MOD5441X.a(emulticast.o)
                              C:\nburn/lib/MOD5441X.a(ethernet.o) (_ZN12EthernetVars18EthEnableMulticastE6MACADR)
C:\nburn/lib/MOD5441X.a(pins.o)
                              test_seq.o (_ZN5PinIO3setEh)
C:\nburn/lib/MOD5441X.a(mmc_mcf.o)
                              C:\nburn/lib/MOD5441X.a(mmc.o) (spi_tx1)
C:\nburn/lib/MOD5441X.a(ether2nd.o)
                              C:\nburn/lib/MOD5441X.a(ethernet.o) (_Z14Add2ndEthernetv)
C:\nburn/lib/MOD5441X.a(pitr_sem.o)
                              test_seq.o (gPitCount)
C:\nburn/lib/MOD5441X.a(mcf5441x_rtc.o)
                              tcp\cmdprocessor.o (MCF541X_RTCSetTime)
C:\nburn/lib/MOD5441X.a(etherswitch.o)
                              C:\nburn/lib/MOD5441X.a(emulticast.o) (_Z14UpdateMacTableblPhjjh)
C:\nburn/lib/MOD5441X.a(weak_autoenet_var.o)
                              C:\nburn/lib/MOD5441X.a(ethernet.o) (bAutomatic2ndEther)
C:\nburn/lib/MOD5441X.a(bspa.o)
                              C:\nburn/lib/MOD5441X.a(bsp.o) (CatchNullWrites)
C:\nburn/lib/MOD5441X.a(localio.o)
                              C:\nburn/lib/MOD5441X.a(serial.o) (_Z13GetUartRecordi)
C:\nburn/lib/NetBurner.a(ucosmcfa.o)
                              C:\nburn/lib/MOD5441X.a(bsp.o) (OSCtxSw)
C:\nburn/lib/NetBurner.a(software_init.o)
                              c:/nburn/gcc-m68k/bin/../lib/gcc/m68k-unknown-elf/8.1.0/m54455\nb-crt0.o (software_init_hook)
C:\nburn/lib/NetBurner.a(main.o)
                              c:/nburn/gcc-m68k/bin/../lib/gcc/m68k-unknown-elf/8.1.0/m54455\nb-crt0.o (main)
C:\nburn/lib/NetBurner.a(ucosmcfc.o)
                              C:\nburn/lib/MOD5441X.a(ethernet.o) (_Z17OSTaskCreatewNamePFvPvES_S_S_hPKc)
C:\nburn/lib/NetBurner.a(ucos.o)
                              C:\nburn/lib/MOD5441X.a(serial.o) (OSIntNesting)
C:\nburn/lib/NetBurner.a(cppmain.o)
                              C:\nburn/lib/NetBurner.a(main.o) (cppmain)
C:\nburn/lib/NetBurner.a(ucosflags.o)
                              C:\nburn/lib/MOD5441X.a(pitr_sem.o) (_Z9OSFlagSetP8os_flagsm)
C:\nburn/lib/NetBurner.a(debugtrap.o)
                              C:\nburn/lib/MOD5441X.a(bsp.o) (_Z23SetAddressReadRangeTrapmm)
C:\nburn/lib/NetBurner.a(ucosmain.o)
                              C:\nburn/lib/NetBurner.a(software_init.o) (UCosSetup)
C:\nburn/lib/NetBurner.a(fileio.o)
                              C:\nburn/lib/NetBurner.a(ucosmain.o) (ioctl)
C:\nburn/lib/NetBurner.a(system.o)
                              C:\nburn/lib/MOD5441X.a(ether2nd.o) (_Z12RawGetConfigi)
C:\nburn/lib/NetBurner.a(userparam.o)
                              tcp\cmdprocessor.o (_Z18SaveUserParametersPvi)
C:\nburn/lib/NetBurner.a(utils.o)
                              C:\nburn/lib/MOD5441X.a(ethernet.o) (frames_tx)
C:\nburn/lib/NetBurner.a(buffers.o)
                              C:\nburn/lib/NetBurner.a(utils.o) (_Z12GetFreeCountv)
C:\nburn/lib/NetBurner.a(udpsocket.o)
                              udp_input.o (_Z17CreateRxUdpSockett)
C:\nburn/lib/NetBurner.a(ftpd.o)
                              main.o (_Z9FTPDStartth)
C:\nburn/lib/NetBurner.a(tcp.o)
                              C:\nburn/lib/NetBurner.a(ftpd.o) (_Z19GetSocketLocalAddr4i)
C:\nburn/lib/NetBurner.a(extraio.o)
                              C:\nburn/lib/MOD5441X.a(serial.o) (_Z10GetExtraFDPvP14IoExpandStruct)
C:\nburn/lib/NetBurner.a(httpinternal.o)
                              formcode.o (_Z16RedirectResponseiPKc)
C:\nburn/lib/NetBurner.a(httpstricmp.o)
                              C:\nburn/lib/NetBurner.a(httpinternal.o) (_Z11httpstricmpPKcS0_)
C:\nburn/lib/NetBurner.a(htmldecomp.o)
                              C:\nburn/lib/NetBurner.a(httpinternal.o) (_Z16SendFullResponsePKci)
C:\nburn/lib/NetBurner.a(htmlwritefile.o)
                              htmldata.o (_Z17WriteHtmlVariableiPKc)
C:\nburn/lib/NetBurner.a(iosys.o)
                              C:\nburn/lib/MOD5441X.a(serial.o) (_Z12SetDataAvaili)
C:\nburn/lib/NetBurner.a(new_ops.o)
                              C:\nburn/lib/NetBurner.a(udpsocket.o) (_Znwm)
C:\nburn/lib/NetBurner.a(autoip.o)
                              C:\nburn/lib/MOD5441X.a(ether2nd.o) (_Z18AddAutoIPInterfacei)
C:\nburn/lib/NetBurner.a(netrx.o)
[...]
Memory Configuration

Name             Origin             Length             Attributes
ram              0x40000400         0x03fffcff         xrw
SRAM             0x80000400         0x0000fbf0         xrw
Cold_SRAM        0x8000fff0         0x00000010         xrw
*default*        0x00000000         0xffffffff

Linker script and memory map

LOAD c:/nburn/gcc-m68k/bin/../lib/gcc/m68k-unknown-elf/8.1.0/m54455\nb-crt0.o
LOAD c:/nburn/gcc-m68k/bin/../lib/gcc/m68k-unknown-elf/8.1.0/m54455/crtbegin.o
LOAD udp_input.o
LOAD test_seq.o
LOAD tcp\testparams.o
LOAD tcp\tcp_server.o
LOAD tcp\options.o
LOAD tcp\cmdprocessor.o
LOAD tcp\calibrationdata.o
LOAD serial_input.o
LOAD resultsComms.o
LOAD message_log.o
LOAD mcf5441x_rtc.o
LOAD main.o
LOAD importexport\userParameters.o
LOAD graph\graphData.o
LOAD graph\ajaxGraphFunctions.o
LOAD ftp\ftp_f.o
LOAD ftp\effs_time.o
LOAD ftp\FileSystemUtils.o
LOAD formcode.o
LOAD datalog.o
LOAD datacapture.o
LOAD configParams.o
LOAD ajaxCallbackFunctions.o
LOAD CalibrationHtmlData.o
LOAD htmldata.o
LOAD C:\nburn/MOD5441X/lib/sys.ld
                0x40000000                ovector_base = 0x40000000
                0x80000000                vector_base = 0x80000000
                0x80000400                SRAM_START_ADDR = 0x80000400
                0x8000fff0                SRAM_END_ADDR = 0x8000fff0
                0xc0000000                gConfigRec = 0xc0000000
                0xc0020000                UserParamBase = 0xc0020000
                0xc0040000                FlashAppBase = 0xc0040000
                0x8c000000                sim_rgpio = 0x8c000000
                0xec008000                sim1 = 0xec008000
                0xfc004000                sim2 = 0xfc004000
                0xfc0d4008                DBETHER_EMIR_REG = 0xfc0d4008
                0x8000d000                comm_loc = 0x8000d000
START GROUP
LOAD C:\nburn/lib/MOD5441X.a
LOAD C:\nburn/lib/NetBurner.a
LOAD C:\nburn/lib/FatFile.a
LOAD c:/nburn/gcc-m68k/bin/../lib/gcc/m68k-unknown-elf/8.1.0/../../../../m68k-unknown-elf/lib/m54455\libstdc++.a
LOAD C:\nburn\lib\cryptolib.a
LOAD C:\nburn\lib\debugLibrary.a
LOAD C:\nburn\lib\Lua_Full.a
LOAD C:\nburn\lib\nb-libxively.a
LOAD C:\nburn\lib\nbwifilib.a
LOAD C:\nburn\lib\sshLibrary.a
LOAD C:\nburn\lib\webclient.a
END GROUP
LOAD c:/nburn/gcc-m68k/bin/../lib/gcc/m68k-unknown-elf/8.1.0/../../../../m68k-unknown-elf/lib/m54455\libstdc++.a
LOAD c:/nburn/gcc-m68k/bin/../lib/gcc/m68k-unknown-elf/8.1.0/../../../../m68k-unknown-elf/lib/m54455\libm.a
LOAD c:/nburn/gcc-m68k/bin/../lib/gcc/m68k-unknown-elf/8.1.0/m54455\libgcc.a
LOAD c:/nburn/gcc-m68k/bin/../lib/gcc/m68k-unknown-elf/8.1.0/../../../../m68k-unknown-elf/lib/m54455\libc.a
LOAD c:/nburn/gcc-m68k/bin/../lib/gcc/m68k-unknown-elf/8.1.0/m54455\libgcc.a
LOAD c:/nburn/gcc-m68k/bin/../lib/gcc/m68k-unknown-elf/8.1.0/m54455/crtend.o
START GROUP
LOAD c:/nburn/gcc-m68k/bin/../lib/gcc/m68k-unknown-elf/8.1.0/../../../../m68k-unknown-elf/lib/m54455\libc.a
LOAD c:/nburn/gcc-m68k/bin/../lib/gcc/m68k-unknown-elf/8.1.0/m54455\libgcc.a
LOAD c:/nburn/gcc-m68k/bin/../lib/gcc/m68k-unknown-elf/8.1.0/../../../../m68k-unknown-elf/lib/m54455\libm.a
END GROUP
                0x00000000                __DYNAMIC = 0x0
                0x44000000                PROVIDE (__stack = 0x44000000)
                0x00000000                PROVIDE (hardware_init_hook = 0x0)
                [!provide]                PROVIDE (_hardware_init_hook = 0x0)
                [!provide]                PROVIDE (software_init_hook = 0x0)
                [!provide]                PROVIDE (_software_init_hook = 0x0)

.SRAM_SECT      0x80000400     0x8be0
                0x80000400                SRAM_START = .
 *(SYS_VAR_SECT)
 SYS_VAR_SECT   0x80000400        0x4 C:\nburn/lib/MOD5441X.a(bsp.o)
                0x80000400                cacrMirror
 SYS_VAR_SECT   0x80000404      0x238 C:\nburn/lib/NetBurner.a(ucos.o)
                0x80000404                OSRunning
                0x80000406                OSISRLevel
                0x80000408                OSRdyGrp
                0x8000040c                OSLockNesting
                0x80000410                OSIntNesting
                0x80000414                OSTCBFreeList
                0x80000418                OSTCBList
                0x8000041c                OSTCBHighRdy
                0x80000420                OSTCBCur
                0x80000424                OSRdyTbl
                0x8000042c                OSTCBPrioTbl
                0x8000052c                OSUnMapTbl
                0x8000062c                OSMapTbl
                0x80000634                Secs
                0x80000638                TimeTick
 SYS_VAR_SECT   0x8000063c      0x272 C:\nburn/lib/NetBurner.a(ucosmain.o)
                0x8000064e                critical_count
                0x80000652                OSTcbStructSize
                0x80000656                OSTCBTbl
 SYS_VAR_SECT   0x800008ae       0x1c C:\nburn/lib/NetBurner.a(fileio.o)
                0x800008ae                fd_map
                0x800008c6                pExtraFdFunc
 SYS_VAR_SECT   0x800008ca       0x20 C:\nburn/lib/NetBurner.a(iosys.o)
                0x800008d2                error_file_sets
                0x800008da                write_file_sets
                0x800008e2                read_file_sets
                0x800008ea                SYS_VAR_SECT_END = .
                0x800008f0                . = ALIGN (0x10)
 *fill*         0x800008ea        0x6 
 *(IDLE_STK_SECT)
                0x800008f0                IDLE_STK_SECT_END = .
                0x800008f0                . = ALIGN (0x10)
 *(MAIN_STK_SECT)
 MAIN_STK_SECT  0x800008f0     0x2000 C:\nburn/lib/NetBurner.a(cppmain.o)
                0x800008f0                MainStk
                0x800028f0                MAIN_STK_SECT_END = .
                0x800028f0                . = ALIGN (0x4)
 *(ETHER_VAR_SECT)
 ETHER_VAR_SECT
                0x800028f0      0x2c0 C:\nburn/lib/MOD5441X.a(ethernet.o)
                0x800028f0                FecFifo
                0x80002910                enet1
                0x80002a60                enet0
                0x80002bb0                ETHER_VAR_SECT_END = .
                0x80002bb0                . = ALIGN (0x10)
 *(ETHER_STK_SECT)
 ETHER_STK_SECT
                0x80002bb0     0x2000 C:\nburn/lib/MOD5441X.a(ethernet.o)
                0x80002bb0                EtherSendStk
                0x80004bb0                ETHER_STK_SECT_END = .
                0x80004bb0                . = ALIGN (0x4)
 *(IP_VAR_SECT)
 IP_VAR_SECT    0x80004bb0      0x33e C:\nburn/lib/NetBurner.a(ip.o)
                0x80004bb0                delay
                0x80004bb4                next_arp_time
                0x80004bb8                multi_if_block
                0x80004e88                multi_home_if_record
                0x80004eb0                nAdditional_Homes
                0x80004eb4                pFragFunc
                0x80004eb8                pMultiCastFunc
                0x80004ebc                pPromisciousPacketFunc
                0x80004ec0                pIpv6Tick
                0x80004ec4                pAutoIPTick
                0x80004ec8                pMultiTick
                0x80004ecc                pDHCPServerTick
                0x80004ed0                pDHCPTick
                0x80004ed4                IcmpFifo
                0x80004ed8                ipRxFifo
                0x80004eea                bTTL_Default
                0x80004eec                wGlobalPktId
 IP_VAR_SECT    0x80004eee       0xa4 C:\nburn/lib/NetBurner.a(udp.o)
                0x80004eee                UdpNetbiosNameServicePtr
                0x80004ef2                pTaskPacketFunc
                0x80004ef6                pDHCPv6ClientProcessFunction
                0x80004efa                pDHCPServerProcessFunction
                0x80004efe                pDHCPProcessFunction
                0x80004f02                UDP_fifos_used
                0x80004f06                udp_fifos
                0x80004f92                IP_VAR_SECT_END = .
                0x80004fa0                . = ALIGN (0x10)
 *fill*         0x80004f92        0xe 
 *(IP_STK_SECT)
 IP_STK_SECT    0x80004fa0     0x2000 C:\nburn/lib/NetBurner.a(ip.o)
                0x80004fa0                IPStk
                0x80006fa0                IP_STK_SECT_END = .
                0x80006fa0                . = ALIGN (0x4)
 *(TCP_VAR_SECT)
 TCP_VAR_SECT   0x80006fa0       0x1f C:\nburn/lib/NetBurner.a(tcp.o)
                0x80006fa0                TCP_TimerSemaphore
                0x80006fb1                TCP_critical_section
                0x80006fbf                TCP_VAR_SECT_END = .
                0x80006fc0                . = ALIGN (0x10)
 *fill*         0x80006fbf        0x1 
 *(TCP_STK_SECT)
 TCP_STK_SECT   0x80006fc0     0x2000 C:\nburn/lib/NetBurner.a(tcp.o)
                0x80006fc0                TCPStk
                0x80008fc0                TCP_STK_SECT_END = .
                0x80008fc0                . = ALIGN (0x10)
 *(HTTP_STK_SECT)
                0x80008fc0                HTTP_STK_SECT_END = .
                0x80008fc0                . = ALIGN (0x10)
 *(FTP_STK_SECT)
                0x80008fc0                FTP_STK_SECT_END = .
                0x80008fc0                . = ALIGN (0x10)
 *(WIFI_STK_SECT)
                0x80008fc0                WIFI_STK_SECT_END = .
                0x80008fc0                . = ALIGN (0x10)
 *(PPP_STK_SECT)
                0x80008fc0                PPP_STK_SECT_END = .
                0x80008fc0                . = ALIGN (0x10)
 *(COMMAND_STK_SECT)
                0x80008fc0                COMMAND_STK_SECT_END = .
                0x80008fc0                . = ALIGN (0x4)
 *(USER_VAR_SECT)
                0x80008fc0                USER_VAR_SECT_END = .
                0x80008fc0                . = ALIGN (0x10)
 *(USER_STK_SECT)
                0x80008fc0                USER_STK_SECT_END = .
                0x80008fc0                . = ALIGN (0x4)
 *(TLS_VAR_SECT)
                0x80008fc0                TLS_VAR_SECT_END = .
                0x80008fc0                BUFFERS_SECT_START = .
                0x80008fc0                . = ALIGN (0x10)
 *(BUFFERS_VAR_SECT)
 BUFFERS_VAR_SECT
                0x80008fc0       0x1c C:\nburn/lib/NetBurner.a(buffers.o)
                0x80008fc0                free_list_is_initialized
                0x80008fc4                free_fast_list
                0x80008fce                free_list
                0x80008fd8                FAST_BUFFER_POOL_SIZE
                0x80008fe0                . = ALIGN (0x10)
 *fill*         0x80008fdc        0x4 
                0x80008fe0                BUFFERS_VAR_SECT_END = .
                0x80008fe0                . = ALIGN (0x10)
                0x80008fe0                SRAM_END = .

COLD_SRAM_SECT  0x8000fff0        0x2
 *(COLD_SRAM_VAR)
 COLD_SRAM_VAR  0x8000fff0        0x2 C:\nburn/lib/NetBurner.a(ip.o)

.text           0x40000400    0xacd70
 nb-crt0.o()
 .text          0x40000400       0xaa c:/nburn/gcc-m68k/bin/../lib/gcc/m68k-unknown-elf/8.1.0/m54455\nb-crt0.o
                0x40000400                start
 *fill*         0x400004aa        0x2 
 .data          0x400004ac        0x4 c:/nburn/gcc-m68k/bin/../lib/gcc/m68k-unknown-elf/8.1.0/m54455\nb-crt0.o
 .bss           0x400004b0        0x0 c:/nburn/gcc-m68k/bin/../lib/gcc/m68k-unknown-elf/8.1.0/m54455\nb-crt0.o
 *(.text)
 .text          0x400004b0       0xd8 c:/nburn/gcc-m68k/bin/../lib/gcc/m68k-unknown-elf/8.1.0/m54455/crtbegin.o
 *fill*         0x40000588        0x8 
 .text          0x40000590      0x19c C:\nburn/lib/MOD5441X.a(bspa.o)
                0x40000590                CatchNullWrites
                0x400005a0                _cache_inval
                0x400005c0                _cache_push
                0x400005e0                _cache_flush
                0x40000620                PushCacheLines
                0x40000670                InvalidateCacheLines
                0x400006c0                FlushCacheLines
 *fill*         0x4000072c        0x4 
 .text          0x40000730      0x41a C:\nburn/lib/NetBurner.a(ucosmcfa.o)
                0x40000730                OSStartHighRdy
                0x40000750                OSCtxSw
                0x40000780                OSIntCtxSw
                0x400007b0                OSTickISR
                0x400007f0                OSSetupVBR
                0x40000810                OSDebugTraceHalt
                0x40000820                memcpy
                0x40000820                fmemcpy
                0x400008f0                memcpysum
                0x40000a80                memset
                0x40000a80                fmemset
                0x40000b20                GetSR_IntLevel
                0x40000b30                SetSR_IntLevel
 *fill*         0x40000b4a        0x2 
 .text          0x40000b4c        0x8 C:\nburn/lib/NetBurner.a(software_init.o)
                0x40000b4c                software_init_hook
 .text          0x40000b54      0x1c0 C:\nburn/lib/NetBurner.a(ip.o)
                0x40000b54                GetSum
                0x40000c10                GetSum20
                0x40000c48                GetSumHdr
 .text          0x40000d14      0xba0 c:/nburn/gcc-m68k/bin/../lib/gcc/m68k-unknown-elf/8.1.0/m54455\libgcc.a(_double.o)
                0x40000d6e                __subdf3
                0x40000d74                __adddf3
                0x40001210                __muldf3
                0x400013ec                __divdf3
                0x400016dc                __negdf2
                0x4000173a                __cmpdf2_internal
                0x40001812                __cmpdf2
 .text          0x400018b4      0x7ca c:/nburn/gcc-m68k/bin/../lib/gcc/m68k-unknown-elf/8.1.0/m54455\libgcc.a(_float.o)
                0x400018fc                __subsf3
                0x40001902                __addsf3
                0x40001be4                __mulsf3
                0x40001d26                __divsf3
                0x40001f1a                __negsf2
                0x40001f6c                __cmpsf2_internal
                0x4000200c                __cmpsf2
 *fill*         0x4000207e        0x2 
 .text          0x40002080       0x74 c:/nburn/gcc-m68k/bin/../lib/gcc/m68k-unknown-elf/8.1.0/m54455\libgcc.a(_floatex.o)
                0x40002080                __clear_sticky_bit
                0x4000208c                $_exception_handler
 .text          0x400020f4       0x22 c:/nburn/gcc-m68k/bin/../lib/gcc/m68k-unknown-elf/8.1.0/m54455\libgcc.a(_eqdf2.o)
                0x400020f4                __eqdf2
 *fill*         0x40002116        0x2 
 .text          0x40002118       0x22 c:/nburn/gcc-m68k/bin/../lib/gcc/m68k-unknown-elf/8.1.0/m54455\libgcc.a(_nedf2.o)
                0x40002118                __nedf2
 *fill*         0x4000213a        0x2 
 .text          0x4000213c       0x22 c:/nburn/gcc-m68k/bin/../lib/gcc/m68k-unknown-elf/8.1.0/m54455\libgcc.a(_gtdf2.o)
                0x4000213c                __gtdf2
 *fill*         0x4000215e        0x2 
 .text          0x40002160       0x22 c:/nburn/gcc-m68k/bin/../lib/gcc/m68k-unknown-elf/8.1.0/m54455\libgcc.a(_gedf2.o)
                0x40002160                __gedf2
 *fill*         0x40002182        0x2 
 .text          0x40002184       0x22 c:/nburn/gcc-m68k/bin/../lib/gcc/m68k-unknown-elf/8.1.0/m54455\libgcc.a(_ltdf2.o)
                0x40002184                __ltdf2
 *fill*         0x400021a6        0x2 
 .text          0x400021a8       0x22 c:/nburn/gcc-m68k/bin/../lib/gcc/m68k-unknown-elf/8.1.0/m54455\libgcc.a(_ledf2.o)
                0x400021a8                __ledf2
 *fill*         0x400021ca        0x2 
 .text          0x400021cc       0x68 c:/nburn/gcc-m68k/bin/../lib/gcc/m68k-unknown-elf/8.1.0/m54455\libgcc.a(_muldi3.o)
                0x400021cc                __muldi3
 .text          0x40002234       0x68 c:/nburn/gcc-m68k/bin/../lib/gcc/m68k-unknown-elf/8.1.0/m54455\libgcc.a(_fixunsdfsi.o)
                0x40002234                __fixunsdfsi
 .text          0x4000229c       0x7a c:/nburn/gcc-m68k/bin/../lib/gcc/m68k-unknown-elf/8.1.0/m54455\libgcc.a(_fixunsdfdi.o)
                0x4000229c                __fixunsdfdi
 *fill*         0x40002316        0x2 
 .text          0x40002318      0x2d8 c:/nburn/gcc-m68k/bin/../lib/gcc/m68k-unknown-elf/8.1.0/m54455\libgcc.a(_udivdi3.o)
                0x40002318                __udivdi3
 .text          0x400025f0      0x2b4 c:/nburn/gcc-m68k/bin/../lib/gcc/m68k-unknown-elf/8.1.0/m54455\libgcc.a(_umoddi3.o)
                0x400025f0                __umoddi3
 .text          0x400028a4      0x378 c:/nburn/gcc-m68k/bin/../lib/gcc/m68k-unknown-elf/8.1.0/m54455\libgcc.a(fpgnulib.o)
                0x400028a4                __unordsf2
                0x400028f2                __unorddf2
                0x4000295c                __floatunsidf
                0x400029b8                __floatsidf
                0x40002a34                __floatunsisf
                0x40002a48                __floatsisf
                0x40002a5c                __extendsfdf2
                0x40002aca                __truncdfsf2
                0x40002b8a                __fixdfsi
                0x40002c08                __fixsfsi
 .text          0x40002c1c      0xe44 c:/nburn/gcc-m68k/bin/../lib/gcc/m68k-unknown-elf/8.1.0/m54455\libgcc.a(unwind-dw2-fde.o)
                0x400037f6                __register_frame_info_bases
                0x40003836                __register_frame_info
                0x4000384c                __register_frame
                0x40003870                __register_frame_info_table_bases
                0x400038a6                __register_frame_info_table
                0x400038bc                __register_frame_table
                0x400038d6                __deregister_frame_info_bases
                0x4000395e                __deregister_frame_info
                0x40003962                __deregister_frame
                0x4000397e                _Unwind_Find_FDE
 .text          0x40003a60      0x332 c:/nburn/gcc-m68k/bin/../lib/gcc/m68k-unknown-elf/8.1.0/m54455\libgcc.a(_divdi3.o)
                0x40003a60                __divdi3
 *fill*         0x40003d92        0x2 
 .text          0x40003d94      0x29e c:/nburn/gcc-m68k/bin/../lib/gcc/m68k-unknown-elf/8.1.0/m54455\libgcc.a(_moddi3.o)
                0x40003d94                __moddi3
 *fill*         0x40004032        0x2 
 .text          0x40004034       0x1c c:/nburn/gcc-m68k/bin/../lib/gcc/m68k-unknown-elf/8.1.0/m54455/crtend.o
                0x40004050                . = ALIGN (0x10)
 *(.text.*)
 .text._Z12udpInputTaskPv
                0x40004050      0x67a udp_input.o
                0x40004050                _Z12udpInputTaskPv
 *fill*         0x400046ca        0x2 
 .text._Z12writeOutputshh
                0x400046cc      0x17c test_seq.o
                0x400046cc                _Z12writeOutputshh
 .text._Z10readInputsv
                0x40004848      0x25e test_seq.o
                0x40004848                _Z10readInputsv
 *fill*         0x40004aa6        0x2 
 .text._Z15printTimeStructR2tm
                0x40004aa8       0x98 test_seq.o
                0x40004aa8                _Z15printTimeStructR2tm
 .text._Z16initTestSoftwarev
                0x40004b40       0x9c test_seq.o
                0x40004b40                _Z16initTestSoftwarev
 .text._Z12initHardwarev
                0x40004bdc      0x1aa test_seq.o
                0x40004bdc                _Z12initHardwarev
 *fill*         0x40004d86        0x2 
 .text._Z12readAnaloguev
                0x40004d88      0x3dc test_seq.o
                0x40004d88                _Z12readAnaloguev
 .text._Z11leakTestSeqv
                0x40005164     0x2b84 test_seq.o
                0x40005164                _Z11leakTestSeqv
 .text._Z11testSeqTaskPv
                0x40007ce8      0x1a8 test_seq.o
                0x40007ce8                _Z11testSeqTaskPv
 .text.startup._GLOBAL__sub_I_ADSamples
                0x40007e90       0x26 test_seq.o
 *fill*         0x40007eb6        0x2 
 .text._Z12setTestParami14TestParamFieldPc
                0x40007eb8      0x994 tcp\testparams.o
                0x40007eb8                _Z12setTestParami14TestParamFieldPc
 .text._Z12setTestParamiPc
                0x4000884c       0x5a tcp\testparams.o
                0x4000884c                _Z12setTestParamiPc
 *fill*         0x400088a6        0x2 
 .text._Z12getTestParami14TestParamField
                0x400088a8      0xae6 tcp\testparams.o
                0x400088a8                _Z12getTestParami14TestParamField
 *fill*         0x4000938e        0x2 
 .text._Z16getAllTestParamsiPc
                0x40009390       0x84 tcp\testparams.o
                0x40009390                _Z16getAllTestParamsiPc
 .text._Z11getRXStringi
                0x40009414       0xe8 tcp\tcp_server.o
                0x40009414                _Z11getRXStringi
 .text._Z13tcpServerTaskPv
                0x400094fc      0x302 tcp\tcp_server.o
                0x400094fc                _Z13tcpServerTaskPv
 *fill*         0x400097fe        0x2 
 .text._Z9setOption11OptionFieldPc
                0x40009800      0x1c4 tcp\options.o
                0x40009800                _Z9setOption11OptionFieldPc
 .text._Z9setOptioniPc
                0x400099c4       0x32 tcp\options.o
                0x400099c4                _Z9setOptioniPc
 *fill*         0x400099f6        0x2 
 .text._Z9getOption11OptionField
                0x400099f8      0x2ce tcp\options.o
                0x400099f8                _Z9getOption11OptionField
 *fill*         0x40009cc6        0x2 
 .text._Z13getAllOptionsPc
                0x40009cc8       0x76 tcp\options.o
                0x40009cc8                _Z13getAllOptionsPc
 *fill*         0x40009d3e        0x2 
 .text._Z12parseKVPairsPFviPcEi
                0x40009d40       0x7c tcp\cmdprocessor.o
                0x40009d40                _Z12parseKVPairsPFviPcEi
 .text._Z14exportSettingsPc
                0x40009dbc      0x1f0 tcp\cmdprocessor.o
                0x40009dbc                _Z14exportSettingsPc
 .text._Z14processCommandPc
                0x40009fac      0x81e tcp\cmdprocessor.o
                0x40009fac                _Z14processCommandPc
 *fill*         0x4000a7ca        0x2 
 .text._Z14importSettingsPc
                0x4000a7cc       0xf2 tcp\cmdprocessor.o
                0x4000a7cc                _Z14importSettingsPc
 *fill*         0x4000a8be        0x2 
 .text._Z13setCalibFieldi16CalibrationFieldPc
                0x4000a8c0      0x13a tcp\calibrationdata.o
                0x4000a8c0                _Z13setCalibFieldi16CalibrationFieldPc
 *fill*         0x4000a9fa        0x2 
 .text._Z14setCalibrationiPc
                0x4000a9fc       0x5a tcp\calibrationdata.o
                0x4000a9fc                _Z14setCalibrationiPc
 *fill*         0x4000aa56        0x2 
 .text._Z19getCalibrationValuei16CalibrationField
                0x4000aa58      0x162 tcp\calibrationdata.o
                0x4000aa58                _Z19getCalibrationValuei16CalibrationField
 *fill*         0x4000abba        0x2 
 .text._Z23getAllCalibrationValuesiPc
                0x4000abbc       0x84 tcp\calibrationdata.o
                0x4000abbc                _Z23getAllCalibrationValuesiPc
 .text._Z15serialInputTaskPv
                0x4000ac40      0x182 serial_input.o
                0x4000ac40                _Z15serialInputTaskPv
 *fill*         0x4000adc2        0x2 
 .text._Z22initResultsFifoMembersv
                0x4000adc4       0x26 resultsComms.o
                0x4000adc4                _Z22initResultsFifoMembersv
 *fill*         0x4000adea        0x2 
 .text._Z25findFreeResultsFifoStructv
                0x4000adec       0x2c resultsComms.o
                0x4000adec                _Z25findFreeResultsFifoStructv
 .text._Z8send_UDPPc
                0x4000ae18       0xd2 resultsComms.o
                0x4000ae18                _Z8send_UDPPc
 *fill*         0x4000aeea        0x2 
 .text._Z14resultsCSV_TCPPc
                0x4000aeec       0xae resultsComms.o
                0x4000aeec                _Z14resultsCSV_TCPPc
 *fill*         0x4000af9a        0x2 
 .text._Z17resultsMemoryCardPciii
                0x4000af9c       0xfa resultsComms.o
                0x4000af9c                _Z17resultsMemoryCardPciii
 *fill*         0x4000b096        0x2 
 .text._Z16resultsCommsTaskPv
                0x4000b098      0x3ba resultsComms.o
                0x4000b098                _Z16resultsCommsTaskPv
 *fill*         0x4000b452        0x2 
 .text._Z10logMessagehPc
                0x4000b454       0x7e message_log.o
                0x4000b454                _Z10logMessagehPc
 *fill*         0x4000b4d2        0x2 
 .text._Z18MCF541X_RTCGetTimeR2tm
                0x4000b4d4      0x162 mcf5441x_rtc.o
                0x4000b4d4                _Z18MCF541X_RTCGetTimeR2tm
 *fill*         0x4000b636        0x2 
 .text._Z18MCF541X_RTCSetTimeR2tm
                0x4000b638      0x11a mcf5441x_rtc.o
                0x4000b638                _Z18MCF541X_RTCSetTimeR2tm
 *fill*         0x4000b752        0x2 
 .text._Z31MCF541X_RTCSetSystemFromRTCTimev
                0x4000b754       0x42 mcf5441x_rtc.o
                0x4000b754                _Z31MCF541X_RTCSetSystemFromRTCTimev
 *fill*         0x4000b796        0x2 
 .text._Z8initTimev
                0x4000b798       0x5a main.o
                0x4000b798                _Z8initTimev
 *fill*         0x4000b7f2        0x2 
 .text._Z13initFTPServerv
                0x4000b7f4       0xa8 main.o
                0x4000b7f4                _Z13initFTPServerv
 .text.UserMain
                0x4000b89c      0x3ce main.o
                0x4000b89c                UserMain
 *fill*         0x4000bc6a        0x2 
 .text.startup._GLOBAL__sub_I_AppName
                0x4000bc6c       0x3a main.o
 *fill*         0x4000bca6        0x2 
 .text._Z7setPathPc
                0x4000bca8       0x44 importexport\userParameters.o
                0x4000bca8                _Z7setPathPc
 .text._Z12setExportReqPc
                0x4000bcec       0x1c importexport\userParameters.o
                0x4000bcec                _Z12setExportReqPc
 .text._Z12setImportReqPc
                0x4000bd08       0x1c importexport\userParameters.o
                0x4000bd08                _Z12setImportReqPc
 .text._Z18exportToMemoryCardv
                0x4000bd24       0xdc importexport\userParameters.o
                0x4000bd24                _Z18exportToMemoryCardv
 .text._Z20importFromMemoryCardv
                0x4000be00      0x132 importexport\userParameters.o
                0x4000be00                _Z20importFromMemoryCardv
 *fill*         0x4000bf32        0x2 
 .text._Z20serviceMemoryCardReqv
                0x4000bf34       0x2e importexport\userParameters.o
                0x4000bf34                _Z20serviceMemoryCardReqv
 *fill*         0x4000bf62        0x2 
 .text._Z13pushGraphData9GraphData
                0x4000bf64       0xb0 graph\graphData.o
                0x4000bf64                _Z13pushGraphData9GraphData
 .text._Z13pushGraphDataiiim
                0x4000c014        0xc graph\graphData.o
                0x4000c014                _Z13pushGraphDataiiim
 .text._Z13pullGraphDataPci
                0x4000c020      0x100 graph\graphData.o
                0x4000c020                _Z13pullGraphDataPci
 .text._Z14getTestDataCSVPc
                0x4000c120       0xf8 graph\graphData.o
                0x4000c120                _Z14getTestDataCSVPc
 .text._Z13saveGraphData2tm
                0x4000c218      0x180 graph\graphData.o
                0x4000c218                _Z13saveGraphData2tm
 .text._Z14startGraphDatav
                0x4000c398       0x16 graph\graphData.o
                0x4000c398                _Z14startGraphDatav
 *fill*         0x4000c3ae        0x2 
 .text._Z12endGraphDatav
                0x4000c3b0       0x10 graph\graphData.o
                0x4000c3b0                _Z12endGraphDatav
 .text._Z20getHTMLRunningValuesii
                0x4000c3c0       0x38 graph\ajaxGraphFunctions.o
                0x4000c3c0                _Z20getHTMLRunningValuesii
 .text._ZL12getdirstringP7FN_FINDPc
                0x4000c3f8      0x224 ftp\ftp_f.o
 .text._Z16FTPDSessionStartPKcS0_7IPADDR4
                0x4000c61c       0x20 ftp\ftp_f.o
                0x4000c61c                _Z16FTPDSessionStartPKcS0_7IPADDR4
 .text._Z14FTPDSessionEndPv
                0x4000c63c        0x8 ftp\ftp_f.o
                0x4000c63c                _Z14FTPDSessionEndPv
 .text._Z20FTPD_DirectoryExistsPKcPv
                0x4000c644       0x46 ftp\ftp_f.o
                0x4000c644                _Z20FTPD_DirectoryExistsPKcPv
 *fill*         0x4000c68a        0x2 
 .text._Z23FTPD_CreateSubDirectoryPKcS0_Pv
                0x4000c68c       0x58 ftp\ftp_f.o
                0x4000c68c                _Z23FTPD_CreateSubDirectoryPKcS0_Pv
 .text._Z23FTPD_DeleteSubDirectoryPKcS0_Pv
                0x4000c6e4       0x58 ftp\ftp_f.o
                0x4000c6e4                _Z23FTPD_DeleteSubDirectoryPKcS0_Pv
 .text._Z23FTPD_ListSubDirectoriesPKcPvPFviS0_Ei
                0x4000c73c       0xa8 ftp\ftp_f.o
                0x4000c73c                _Z23FTPD_ListSubDirectoriesPKcPvPFviS0_Ei
 .text._Z15FTPD_FileExistsPKcS0_Pv
                0x4000c7e4       0xae ftp\ftp_f.o
                0x4000c7e4                _Z15FTPD_FileExistsPKcS0_Pv
 *fill*         0x4000c892        0x2 
 .text._Z16FTPD_GetFileSizePKcS0_
                0x4000c894       0x9a ftp\ftp_f.o
                0x4000c894                _Z16FTPD_GetFileSizePKcS0_
 *fill*         0x4000c92e        0x2 
 .text._Z21FTPD_SendFileToClientPKcS0_Pvi
                0x4000c930      0x274 ftp\ftp_f.o
                0x4000c930                _Z21FTPD_SendFileToClientPKcS0_Pvi
 .text._Z21FTPD_AbleToCreateFilePKcS0_Pv
                0x4000cba4        0xa ftp\ftp_f.o
                0x4000cba4                _Z21FTPD_AbleToCreateFilePKcS0_Pv
 *fill*         0x4000cbae        0x2 
 .text._Z22FTPD_GetFileFromClientPKcS0_Pvi
                0x4000cbb0      0x212 ftp\ftp_f.o
                0x4000cbb0                _Z22FTPD_GetFileFromClientPKcS0_Pvi
 *fill*         0x4000cdc2        0x2 
 .text._Z15FTPD_DeleteFilePKcS0_Pv
                0x4000cdc4       0x58 ftp\ftp_f.o
                0x4000cdc4                _Z15FTPD_DeleteFilePKcS0_Pv
 .text._Z13FTPD_ListFilePKcPvPFviS0_Ei
                0x4000ce1c      0x162 ftp\ftp_f.o
                0x4000ce1c                _Z13FTPD_ListFilePKcPvPFviS0_Ei
 *fill*         0x4000cf7e        0x2 
 .text._Z11FTPD_RenamePKcS0_S0_Pv
                0x4000cf80       0x5c ftp\ftp_f.o
                0x4000cf80                _Z11FTPD_RenamePKcS0_S0_Pv
 .text.DisplayEffsErrorCode
                0x4000cfdc       0x42 ftp\FileSystemUtils.o
                0x4000cfdc                DisplayEffsErrorCode
 *fill*         0x4000d01e        0x2 
 .text.InitExtFlash
                0x4000d020      0x154 ftp\FileSystemUtils.o
                0x4000d020                InitExtFlash
 .text.__tcf_0  0x4000d174       0x2a formcode.o
 *fill*         0x4000d19e        0x2 
 .text._Z28getConfigParamsFromSavedDatav
                0x4000d1a0      0x22c formcode.o
                0x4000d1a0                _Z28getConfigParamsFromSavedDatav
 .text._Z15extractIntFieldPKcS0_
                0x4000d3cc       0x3c formcode.o
                0x4000d3cc                _Z15extractIntFieldPKcS0_
 .text._Z17extractIntFromHexPKcS0_
                0x4000d408       0x40 formcode.o
                0x4000d408                _Z17extractIntFromHexPKcS0_
 .text._Z17extractFloatFieldPKcS0_
                0x4000d448       0x4c formcode.o
                0x4000d448                _Z17extractFloatFieldPKcS0_
 .text._Z17extractFloatAsIntPKcS0_i
                0x4000d494       0x98 formcode.o
                0x4000d494                _Z17extractFloatAsIntPKcS0_i
 .text._Z14extractIPFieldPKcS0_
                0x4000d52c       0x72 formcode.o
                0x4000d52c                _Z14extractIPFieldPKcS0_
 *fill*         0x4000d59e        0x2 
 .text._Z17applyConfigParamsPc
                0x4000d5a0      0x2e6 formcode.o
                0x4000d5a0                _Z17applyConfigParamsPc
 *fill*         0x4000d886        0x2 
 .text._Z24applyConfigFixtureParamsPc
                0x4000d888      0x1e8 formcode.o
                0x4000d888                _Z24applyConfigFixtureParamsPc
 .text._Z16applyCalibParamsPc
                0x4000da70      0x2a6 formcode.o
                0x4000da70                _Z16applyCalibParamsPc
 *fill*         0x4000dd16        0x2 
 .text._Z12applyOptionsPc
                0x4000dd18      0x286 formcode.o
                0x4000dd18                _Z12applyOptionsPc
 *fill*         0x4000df9e        0x2 
 .text._Z13saveNV_Paramsv
                0x4000dfa0      0x16a formcode.o
                0x4000dfa0                _Z13saveNV_Paramsv
 *fill*         0x4000e10a        0x2 
 .text._Z11setDateTimePc
                0x4000e10c       0x9c formcode.o
                0x4000e10c                _Z11setDateTimePc
 .text._Z12TestPasswordPKc
                0x4000e1a8       0x5e formcode.o
                0x4000e1a8                _Z12TestPasswordPKc
 *fill*         0x4000e206        0x2 
 .text._Z8MyDoPostiPcS_S_
                0x4000e208      0xc08 formcode.o
                0x4000e208                _Z8MyDoPostiPcS_S_
 .text._Z12RegisterPostv
                0x4000ee10       0x16 formcode.o
                0x4000ee10                _Z12RegisterPostv
 *fill*         0x4000ee26        0x2 
 .text._Z20initNV_ParamsOptionsv
                0x4000ee28       0xec formcode.o
                0x4000ee28                _Z20initNV_ParamsOptionsv
 .text._Z13initNV_Paramsv
                0x4000ef14      0x2ac formcode.o
                0x4000ef14                _Z13initNV_Paramsv
 .text._Z14printNV_Paramsv
                0x4000f1c0      0x3a4 formcode.o
                0x4000f1c0                _Z14printNV_Paramsv
 .text.startup._GLOBAL__sub_I_data
                0x4000f564       0x72 formcode.o
 *fill*         0x4000f5d6        0x2 
 .text._ZN7RingLogC2Ev
                0x4000f5d8       0x22 datalog.o
                0x4000f5d8                _ZN7RingLogC1Ev
                0x4000f5d8                _ZN7RingLogC2Ev
 *fill*         0x4000f5fa        0x2 
 .text._ZN7RingLogD2Ev
                0x4000f5fc        0x8 datalog.o
                0x4000f5fc                _ZN7RingLogD1Ev
                0x4000f5fc                _ZN7RingLogD2Ev
 .text._ZN7RingLog4initEP13RunningValuesm
                0x4000f604       0x3a datalog.o
                0x4000f604                _ZN7RingLog4initEP13RunningValuesm
 *fill*         0x4000f63e        0x2 
 .text._ZN7RingLog3AddEP13RunningValues
                0x4000f640       0x68 datalog.o
                0x4000f640                _ZN7RingLog3AddEP13RunningValues
 .text._ZN7RingLog10getCurrentEv
                0x4000f6a8       0x10 datalog.o
                0x4000f6a8                _ZN7RingLog10getCurrentEv
 .text._ZN7RingLog8getResTPEv
                0x4000f6b8       0x10 datalog.o
                0x4000f6b8                _ZN7RingLog8getResTPEv
 .text._ZN7RingLog8getResDPEv
                0x4000f6c8       0x10 datalog.o
                0x4000f6c8                _ZN7RingLog8getResDPEv
 .text._ZN7RingLog8getResLREv
                0x4000f6d8       0x10 datalog.o
                0x4000f6d8                _ZN7RingLog8getResLREv
 .text._ZN7RingLog8getResAZEv
                0x4000f6e8       0x10 datalog.o
                0x4000f6e8                _ZN7RingLog8getResAZEv
 .text._ZN7RingLog10setResultsE11TestResults
                0x4000f6f8       0x24 datalog.o
                0x4000f6f8                _ZN7RingLog10setResultsE11TestResults
 .text.__tcf_0  0x4000f71c       0x24 datacapture.o
 .text._Z11LogTestDatav
                0x4000f740       0x88 datacapture.o
                0x4000f740                _Z11LogTestDatav
 .text._Z17InitialiseDataLogv
                0x4000f7c8       0x40 datacapture.o
                0x4000f7c8                _Z17InitialiseDataLogv
 .text.startup._GLOBAL__sub_I_datalog
                0x4000f808       0x3c datacapture.o
 .text._ZN16TestConfigParamsD2Ev
                0x4000f844        0x8 configParams.o
                0x4000f844                _ZN16TestConfigParamsD2Ev
                0x4000f844                _ZN16TestConfigParamsD1Ev
 .text._ZN16TestConfigParamsD0Ev
                0x4000f84c       0x18 configParams.o
                0x4000f84c                _ZN16TestConfigParamsD0Ev
 .text._ZNK16TestConfigParams13getTestParamsEv
                0x4000f864       0x26 configParams.o
                0x4000f864                _ZNK16TestConfigParams13getTestParamsEv
 *fill*         0x4000f88a        0x2 
 .text._ZN16TestConfigParams13setTestParamsE10TestParams
                0x4000f88c       0x22 configParams.o
                0x4000f88c                _ZN16TestConfigParams13setTestParamsE10TestParams
 *fill*         0x4000f8ae        0x2 
 .text._ZN16TestConfigParams14resetAllParamsEv
                0x4000f8b0       0xcc configParams.o
                0x4000f8b0                _ZN16TestConfigParams14resetAllParamsEv
 .text._ZN16TestConfigParamsC2Ev
                0x4000f97c       0x16 configParams.o
                0x4000f97c                _ZN16TestConfigParamsC2Ev
                0x4000f97c                _ZN16TestConfigParamsC1Ev
 *fill*         0x4000f992        0x2 
 .text._ZNK16TestConfigParams21printConfigParametersEv
                0x4000f994      0x1d0 configParams.o
                0x4000f994                _ZNK16TestConfigParams21printConfigParametersEv
 .text._ZN16TestConfigParams11setIdStringEPc
                0x4000fb64       0x10 configParams.o
                0x4000fb64                _ZN16TestConfigParams11setIdStringEPc
 .text._ZNK16TestConfigParams13getAlarmdiffpEv
                0x4000fb74       0x10 configParams.o
                0x4000fb74                _ZNK16TestConfigParams13getAlarmdiffpEv
 .text._ZN16TestConfigParams13setAlarmdiffpEi
                0x4000fb84       0x12 configParams.o
                0x4000fb84                _ZN16TestConfigParams13setAlarmdiffpEi
 *fill*         0x4000fb96        0x2 
 .text._ZNK16TestConfigParams16getAlarmleakrateEv
                0x4000fb98       0x10 configParams.o
                0x4000fb98                _ZNK16TestConfigParams16getAlarmleakrateEv
 .text._ZN16TestConfigParams16setAlarmleakrateEi
                0x4000fba8       0x12 configParams.o
                0x4000fba8                _ZN16TestConfigParams16setAlarmleakrateEi
 *fill*         0x4000fbba        0x2 
 .text._ZNK16TestConfigParams17getEvacuationtimeEv
                0x4000fbbc       0x10 configParams.o
                0x4000fbbc                _ZNK16TestConfigParams17getEvacuationtimeEv
 .text._ZN16TestConfigParams17setEvacuationtimeEi
                0x4000fbcc       0x12 configParams.o
                0x4000fbcc                _ZN16TestConfigParams17setEvacuationtimeEi
 *fill*         0x4000fbde        0x2 
 .text._ZNK16TestConfigParams11getFilltimeEv
                0x4000fbe0       0x10 configParams.o
                0x4000fbe0                _ZNK16TestConfigParams11getFilltimeEv
 .text._ZN16TestConfigParams11setFilltimeEi
                0x4000fbf0       0x12 configParams.o
                0x4000fbf0                _ZN16TestConfigParams11setFilltimeEi
 *fill*         0x4000fc02        0x2 
 .text._ZNK16TestConfigParams17getIsolationdelayEv
                0x4000fc04       0x10 configParams.o
                0x4000fc04                _ZNK16TestConfigParams17getIsolationdelayEv
 .text._ZN16TestConfigParams17setIsolationdelayEi
                0x4000fc14       0x12 configParams.o
                0x4000fc14                _ZN16TestConfigParams17setIsolationdelayEi
 *fill*         0x4000fc26        0x2 
 .text._ZNK16TestConfigParams14getMeasuretimeEv
                0x4000fc28       0x10 configParams.o
                0x4000fc28                _ZNK16TestConfigParams14getMeasuretimeEv
 .text._ZN16TestConfigParams14setMeasuretimeEi
                0x4000fc38       0x12 configParams.o
                0x4000fc38                _ZN16TestConfigParams14setMeasuretimeEi
 *fill*         0x4000fc4a        0x2 
 .text._ZNK16TestConfigParams13getOffsetcompEv
                0x4000fc4c       0x10 configParams.o
                0x4000fc4c                _ZNK16TestConfigParams13getOffsetcompEv
 .text._ZN16TestConfigParams13setOffsetcompEi
                0x4000fc5c       0x12 configParams.o
                0x4000fc5c                _ZN16TestConfigParams13setOffsetcompEi
 *fill*         0x4000fc6e        0x2 
 .text._ZNK16TestConfigParams20getStabilisationtimeEv
                0x4000fc70       0x10 configParams.o
                0x4000fc70                _ZNK16TestConfigParams20getStabilisationtimeEv
 .text._ZN16TestConfigParams20setStabilisationtimeEi
                0x4000fc80       0x12 configParams.o
                0x4000fc80                _ZN16TestConfigParams20setStabilisationtimeEi
 *fill*         0x4000fc92        0x2 
 .text._ZNK16TestConfigParams15getTestpressureEv
                0x4000fc94       0x10 configParams.o
                0x4000fc94                _ZNK16TestConfigParams15getTestpressureEv
 .text._ZN16TestConfigParams15setTestpressureEi
                0x4000fca4       0x12 configParams.o
                0x4000fca4                _ZN16TestConfigParams15setTestpressureEi
 *fill*         0x4000fcb6        0x2 
 .text._ZNK16TestConfigParams15getVentoffdelayEv
                0x4000fcb8       0x10 configParams.o
                0x4000fcb8                _ZNK16TestConfigParams15getVentoffdelayEv
 .text._ZN16TestConfigParams15setVentoffdelayEi
                0x4000fcc8       0x12 configParams.o
                0x4000fcc8                _ZN16TestConfigParams15setVentoffdelayEi
 *fill*         0x4000fcda        0x2 
 .text._ZNK16TestConfigParams9getSpare1Ev
                0x4000fcdc       0x10 configParams.o
                0x4000fcdc                _ZNK16TestConfigParams9getSpare1Ev
 .text._ZN16TestConfigParams9setSpare1Ei
                0x4000fcec       0x12 configParams.o
                0x4000fcec                _ZN16TestConfigParams9setSpare1Ei
 *fill*         0x4000fcfe        0x2 
 .text._ZNK16TestConfigParams14getCheckinputsEv
                0x4000fd00       0x10 configParams.o
                0x4000fd00                _ZNK16TestConfigParams14getCheckinputsEv
 .text._ZN16TestConfigParams14setCheckinputsEi
                0x4000fd10       0x12 configParams.o
                0x4000fd10                _ZN16TestConfigParams14setCheckinputsEi
 *fill*         0x4000fd22        0x2 
 .text._ZNK16TestConfigParams19isEnablecheckinputsEv
                0x4000fd24       0x10 configParams.o
                0x4000fd24                _ZNK16TestConfigParams19isEnablecheckinputsEv
 .text._ZN16TestConfigParams20setEnablecheckinputsEb
                0x4000fd34       0x12 configParams.o
                0x4000fd34                _ZN16TestConfigParams20setEnablecheckinputsEb
 *fill*         0x4000fd46        0x2 
 .text._ZNK16TestConfigParams19getFixturedelaytimeEv
                0x4000fd48       0x10 configParams.o
                0x4000fd48                _ZNK16TestConfigParams19getFixturedelaytimeEv
 .text._ZN16TestConfigParams19setFixturedelaytimeEi
                0x4000fd58       0x12 configParams.o
                0x4000fd58                _ZN16TestConfigParams19setFixturedelaytimeEi
 *fill*         0x4000fd6a        0x2 
 .text._ZNK16TestConfigParams15getFixtureOPendEv
                0x4000fd6c       0x10 configParams.o
                0x4000fd6c                _ZNK16TestConfigParams15getFixtureOPendEv
 .text._ZN16TestConfigParams15setFixtureOPendEi
                0x4000fd7c       0x12 configParams.o
                0x4000fd7c                _ZN16TestConfigParams15setFixtureOPendEi
 *fill*         0x4000fd8e        0x2 
 .text._ZNK16TestConfigParams17getFixtureOPstartEv
                0x4000fd90       0x10 configParams.o
                0x4000fd90                _ZNK16TestConfigParams17getFixtureOPstartEv
 .text._ZN16TestConfigParams17setFixtureOPstartEi
                0x4000fda0       0x12 configParams.o
                0x4000fda0                _ZN16TestConfigParams17setFixtureOPstartEi
 *fill*         0x4000fdb2        0x2 
 .text._ZNK16TestConfigParams16isInhibitresultsEv
                0x4000fdb4       0x10 configParams.o
                0x4000fdb4                _ZNK16TestConfigParams16isInhibitresultsEv
 .text._ZN16TestConfigParams17setInhibitresultsEb
                0x4000fdc4       0x12 configParams.o
                0x4000fdc4                _ZN16TestConfigParams17setInhibitresultsEb
 *fill*         0x4000fdd6        0x2 
 .text._ZNK16TestConfigParams24getNexttestonfailoralarmEv
                0x4000fdd8       0x10 configParams.o
                0x4000fdd8                _ZNK16TestConfigParams24getNexttestonfailoralarmEv
 .text._ZN16TestConfigParams24setNexttestonfailoralarmEi
                0x4000fde8       0x12 configParams.o
                0x4000fde8                _ZN16TestConfigParams24setNexttestonfailoralarmEi
 *fill*         0x4000fdfa        0x2 
 .text._ZNK16TestConfigParams17getNexttestonpassEv
                0x4000fdfc       0x10 configParams.o
                0x4000fdfc                _ZNK16TestConfigParams17getNexttestonpassEv
 .text._ZN16TestConfigParams17setNexttestonpassEi
                0x4000fe0c       0x12 configParams.o
                0x4000fe0c                _ZN16TestConfigParams17setNexttestonpassEi
 *fill*         0x4000fe1e        0x2 
 .text._ZNK16TestConfigParams9getSpare2Ev
                0x4000fe20       0x10 configParams.o
                0x4000fe20                _ZNK16TestConfigParams9getSpare2Ev
 .text._ZN16TestConfigParams9setSpare2Ei
                0x4000fe30       0x12 configParams.o
                0x4000fe30                _ZN16TestConfigParams9setSpare2Ei
 *fill*         0x4000fe42        0x2 
 .text._ZNK16TestConfigParams9getSpare3Ev
                0x4000fe44       0x10 configParams.o
                0x4000fe44                _ZNK16TestConfigParams9getSpare3Ev
 .text._ZN16TestConfigParams9setSpare3Ei
                0x4000fe54       0x12 configParams.o
                0x4000fe54                _ZN16TestConfigParams9setSpare3Ei
 *fill*         0x4000fe66        0x2 
 .text._ZNK16TestConfigParams12isSpareflag1Ev
                0x4000fe68       0x10 configParams.o
                0x4000fe68                _ZNK16TestConfigParams12isSpareflag1Ev
 .text._ZN16TestConfigParams13setSpareflag1Eb
                0x4000fe78       0x12 configParams.o
                0x4000fe78                _ZN16TestConfigParams13setSpareflag1Eb
 *fill*         0x4000fe8a        0x2 
 .text._ZN16TestConfigParams17getFixtureControlEv
                0x4000fe8c       0x28 configParams.o
                0x4000fe8c                _ZN16TestConfigParams17getFixtureControlEv
 .text._ZN16TestConfigParams17setFixtureControlE14FixtureControl
                0x4000feb4       0x24 configParams.o
                0x4000feb4                _ZN16TestConfigParams17setFixtureControlE14FixtureControl
 .text._Z14getHtmlTPCountii
                0x4000fed8       0x58 ajaxCallbackFunctions.o
                0x4000fed8                _Z14getHtmlTPCountii
 .text._Z9getHtmlTPii
                0x4000ff30       0x78 ajaxCallbackFunctions.o
                0x4000ff30                _Z9getHtmlTPii
 .text._Z14getHtmlDPCountii
                0x4000ffa8       0x58 ajaxCallbackFunctions.o
                0x4000ffa8                _Z14getHtmlDPCountii
 .text._Z9getHtmlDPii
                0x40010000       0x76 ajaxCallbackFunctions.o
                0x40010000                _Z9getHtmlDPii
 *fill*         0x40010076        0x2 
 .text._Z15getHtmlPassFailiii
                0x40010078       0xf8 ajaxCallbackFunctions.o
                0x40010078                _Z15getHtmlPassFailiii
 .text._Z11getHtmlDoneii
                0x40010170       0x9a ajaxCallbackFunctions.o
                0x40010170                _Z11getHtmlDoneii
 *fill*         0x4001020a        0x2 
 .text._Z12getHtmlErrorii
                0x4001020c       0x9a ajaxCallbackFunctions.o
                0x4001020c                _Z12getHtmlErrorii
 *fill*         0x400102a6        0x2 
 .text._Z16getHtmlResStatusii
                0x400102a8       0x46 ajaxCallbackFunctions.o
                0x400102a8                _Z16getHtmlResStatusii
 *fill*         0x400102ee        0x2 
 .text._Z12getHtmlResTPii
                0x400102f0       0x74 ajaxCallbackFunctions.o
                0x400102f0                _Z12getHtmlResTPii
 .text._Z12getHtmlResDPii
                0x40010364       0x74 ajaxCallbackFunctions.o
                0x40010364                _Z12getHtmlResDPii
 .text._Z12getHtmlResLRii
                0x400103d8       0x74 ajaxCallbackFunctions.o
                0x400103d8                _Z12getHtmlResLRii
 .text._Z12getHtmlResAZii
                0x4001044c       0x74 ajaxCallbackFunctions.o
                0x4001044c                _Z12getHtmlResAZii
 .text._Z12getHtmlParamii
                0x400104c0      0x762 ajaxCallbackFunctions.o
                0x400104c0                _Z12getHtmlParamii
 *fill*         0x40010c22        0x2 
 .text._Z19getHtmlFixtureParamii
                0x40010c24      0x442 ajaxCallbackFunctions.o
                0x40010c24                _Z19getHtmlFixtureParamii
 *fill*         0x40011066        0x2 
 .text._Z18getHtmlConfigLabelii
                0x40011068       0x46 ajaxCallbackFunctions.o
                0x40011068                _Z18getHtmlConfigLabelii
 *fill*         0x400110ae        0x2 
 .text._Z12getHtmlCalibii
                0x400110b0      0x6a4 ajaxCallbackFunctions.o
                0x400110b0                _Z12getHtmlCalibii
 .text._Z13getHtmlOptionii
                0x40011754      0x350 ajaxCallbackFunctions.o
                0x40011754                _Z13getHtmlOptionii
 .text._Z13getHTMLStatusiPKc
                0x40011aa4       0x64 ajaxCallbackFunctions.o
                0x40011aa4                _Z13getHTMLStatusiPKc
 .text._Z16getHtmlTestStateii
                0x40011b08       0x4e ajaxCallbackFunctions.o
                0x40011b08                _Z16getHtmlTestStateii
 *fill*         0x40011b56        0x2 
 .text._Z11getHtmlBusyii
                0x40011b58       0xa6 ajaxCallbackFunctions.o
                0x40011b58                _Z11getHtmlBusyii
 *fill*         0x40011bfe        0x2 
 .text._Z21getHTMLSelectedConfigiPKc
                0x40011c00       0x3a ajaxCallbackFunctions.o
                0x40011c00                _Z21getHTMLSelectedConfigiPKc
 *fill*         0x40011c3a        0x2 
 .text._Z20getHTMLAppliedConfigiPKc
                0x40011c3c       0x3a ajaxCallbackFunctions.o
                0x40011c3c                _Z20getHTMLAppliedConfigiPKc
 *fill*         0x40011c76        0x2 
 .text._Z21getHTMLAuthenticationiPKc
                0x40011c78       0x3a ajaxCallbackFunctions.o
                0x40011c78                _Z21getHTMLAuthenticationiPKc
 *fill*         0x40011cb2        0x2 
 .text._Z19resetAuthenticationiPKc
                0x40011cb4       0x3c ajaxCallbackFunctions.o
                0x40011cb4                _Z19resetAuthenticationiPKc
 .text._Z16getHTMLStepCountiPKc
                0x40011cf0       0x3e ajaxCallbackFunctions.o
                0x40011cf0                _Z16getHTMLStepCountiPKc
 *fill*         0x40011d2e        0x2 
 .text._ZN19CalibrationHtmlDataD2Ev
                0x40011d30        0x8 CalibrationHtmlData.o
                0x40011d30                _ZN19CalibrationHtmlDataD1Ev
                0x40011d30                _ZN19CalibrationHtmlDataD2Ev
 .text._ZN19CalibrationHtmlDataD0Ev
                0x40011d38       0x18 CalibrationHtmlData.o
                0x40011d38                _ZN19CalibrationHtmlDataD0Ev
 .text._ZN19CalibrationHtmlDataC2Ev
                0x40011d50       0x12 CalibrationHtmlData.o
                0x40011d50                _ZN19CalibrationHtmlDataC1Ev
                0x40011d50                _ZN19CalibrationHtmlDataC2Ev
 *fill*         0x40011d62        0x2 
 .text._ZNK19CalibrationHtmlData8getCalibEv
                0x40011d64       0x22 CalibrationHtmlData.o
                0x40011d64                _ZNK19CalibrationHtmlData8getCalibEv
 *fill*         0x40011d86        0x2 
 .text._ZN19CalibrationHtmlData8setCalibE15CalibrationData
                0x40011d88       0x26 CalibrationHtmlData.o
                0x40011d88                _ZN19CalibrationHtmlData8setCalibE15CalibrationData
 *fill*         0x40011dae        0x2 
 .text._ZNK19CalibrationHtmlData11getCountMaxEv
                0x40011db0       0x10 CalibrationHtmlData.o
                0x40011db0                _ZNK19CalibrationHtmlData11getCountMaxEv
 .text._ZN19CalibrationHtmlData11setCountMaxEi
                0x40011dc0       0x12 CalibrationHtmlData.o
                0x40011dc0                _ZN19CalibrationHtmlData11setCountMaxEi
 *fill*         0x40011dd2        0x2 
 .text._ZNK19CalibrationHtmlData11getCountMinEv
                0x40011dd4       0x10 CalibrationHtmlData.o
                0x40011dd4                _ZNK19CalibrationHtmlData11getCountMinEv
 .text._ZN19CalibrationHtmlData11setCountMinEi
                0x40011de4       0x12 CalibrationHtmlData.o
                0x40011de4                _ZN19CalibrationHtmlData11setCountMinEi
 *fill*         0x40011df6        0x2 
 .text._ZNK19CalibrationHtmlData11getGradientEv
                0x40011df8       0x10 CalibrationHtmlData.o
                0x40011df8                _ZNK19CalibrationHtmlData11getGradientEv
 .text._ZN19CalibrationHtmlData11setGradientEf
                0x40011e08       0x12 CalibrationHtmlData.o
                0x40011e08                _ZN19CalibrationHtmlData11setGradientEf
 *fill*         0x40011e1a        0x2 
 .text._ZNK19CalibrationHtmlData9getOffsetEv
                0x40011e1c       0x10 CalibrationHtmlData.o
                0x40011e1c                _ZNK19CalibrationHtmlData9getOffsetEv
 .text._ZN19CalibrationHtmlData9setOffsetEf
                0x40011e2c       0x12 CalibrationHtmlData.o
                0x40011e2c                _ZN19CalibrationHtmlData9setOffsetEf
 *fill*         0x40011e3e        0x2 
 .text._ZNK19CalibrationHtmlData11getValueMaxEv
                0x40011e40       0x10 CalibrationHtmlData.o
                0x40011e40                _ZNK19CalibrationHtmlData11getValueMaxEv
 .text._ZN19CalibrationHtmlData11setValueMaxEi
                0x40011e50       0x12 CalibrationHtmlData.o
                0x40011e50                _ZN19CalibrationHtmlData11setValueMaxEi
 *fill*         0x40011e62        0x2 
 .text._ZNK19CalibrationHtmlData11getValueMinEv
                0x40011e64       0x10 CalibrationHtmlData.o
                0x40011e64                _ZNK19CalibrationHtmlData11getValueMinEv
 .text._ZN19CalibrationHtmlData11setValueMinEi
                0x40011e74       0x12 CalibrationHtmlData.o
                0x40011e74                _ZN19CalibrationHtmlData11setValueMinEi
 *fill*         0x40011e86        0x2 
 .text._Z14DoHtmlFunctioniPKct
                0x40011e88       0x42 htmldata.o
                0x40011e88                _Z14DoHtmlFunctioniPKct
 *fill*         0x40011eca        0x2 
 .text._Z14DoHtmlVariableit
                0x40011ecc     0x10a6 htmldata.o
                0x40011ecc                _Z14DoHtmlVariableit
 *fill*         0x40012f72        0x2 
 .text._Z5xTickv
                0x40012f74       0x1c C:\nburn/lib/MOD5441X.a(bsp.o)
                0x40012f74                _Z5xTickv
                0x40012f78                Tick5441X
 .text._Z7SetIntcilii
                0x40012f90       0x62 C:\nburn/lib/MOD5441X.a(bsp.o)
                0x40012f90                _Z7SetIntcilii
 *fill*         0x40012ff2        0x2 
 .text._Z11ForceRebootb
                0x40012ff4       0x54 C:\nburn/lib/MOD5441X.a(bsp.o)
                0x40012ff4                _Z11ForceRebootb
 .text._Z12DisableCachev
                0x40013048       0x56 C:\nburn/lib/MOD5441X.a(bsp.o)
                0x40013048                _Z12DisableCachev
 *fill*         0x4001309e        0x2 
 .text._Z11EnableCachev
                0x400130a0       0x42 C:\nburn/lib/MOD5441X.a(bsp.o)
                0x400130a0                _Z11EnableCachev
 *fill*         0x400130e2        0x2 
 .text._Z13HardwareSetupl
                0x400130e4      0x150 C:\nburn/lib/MOD5441X.a(bsp.o)
                0x400130e4                _Z13HardwareSetupl
 .text._sbrk_r  0x40013234       0x54 C:\nburn/lib/MOD5441X.a(bsp.o)
                0x40013234                _sbrk_r
 .text.atexit   0x40013288        0xa C:\nburn/lib/MOD5441X.a(bsp.o)
                0x40013288                atexit
 *fill*         0x40013292        0x2 
 .text._Z18BspGetTickFractionv
                0x40013294       0x18 C:\nburn/lib/MOD5441X.a(bsp.o)
                0x40013294                _Z18BspGetTickFractionv
 .text._ZL10mmc_getphyP8F_DRIVERP5F_PHY
                0x400132ac       0x4e C:\nburn/lib/MOD5441X.a(mmc.o)
 *fill*         0x400132fa        0x2 
 .text._ZL11mmc_releaseP8F_DRIVER
                0x400132fc       0x22 C:\nburn/lib/MOD5441X.a(mmc.o)
 *fill*         0x4001331e        0x2 
 .text._ZL13mmc_cmd_fixedimm
                0x40013320      0x104 C:\nburn/lib/MOD5441X.a(mmc.o)
 .text._ZL8mmc_readP8F_DRIVERPhmi
                0x40013424      0x318 C:\nburn/lib/MOD5441X.a(mmc.o)
 .text._Z14mmc_readsectorP8F_DRIVERPvm
                0x4001373c       0x1e C:\nburn/lib/MOD5441X.a(mmc.o)
                0x4001373c                _Z14mmc_readsectorP8F_DRIVERPvm
 *fill*         0x4001375a        0x2 
 .text._Z22mmc_readmultiplesectorP8F_DRIVERPvmi
                0x4001375c        0xc C:\nburn/lib/MOD5441X.a(mmc.o)
                0x4001375c                _Z22mmc_readmultiplesectorP8F_DRIVERPvmi
 .text._ZL9mmc_writeP8F_DRIVERPhmi
                0x40013768      0x370 C:\nburn/lib/MOD5441X.a(mmc.o)
 .text._Z15mmc_writesectorP8F_DRIVERPvm
                0x40013ad8       0x1e C:\nburn/lib/MOD5441X.a(mmc.o)
                0x40013ad8                _Z15mmc_writesectorP8F_DRIVERPvm
 *fill*         0x40013af6        0x2 
 .text._Z23mmc_writemultiplesectorP8F_DRIVERPvmi
                0x40013af8        0xc C:\nburn/lib/MOD5441X.a(mmc.o)
                0x40013af8                _Z23mmc_writemultiplesectorP8F_DRIVERPvmi
 .text._Z13_get_csd_bitsPhhh
                0x40013b04       0x7e C:\nburn/lib/MOD5441X.a(mmc.o)
                0x40013b04                _Z13_get_csd_bitsPhhh
 *fill*         0x40013b82        0x2 
 .text._ZL12mmc_initcardi
                0x40013b84      0x7f8 C:\nburn/lib/MOD5441X.a(mmc.o)
 .text._ZL13mmc_getstatusP8F_DRIVER
                0x4001437c       0xf8 C:\nburn/lib/MOD5441X.a(mmc.o)
 .text.mmc_initfunc
                0x40014474       0xc2 C:\nburn/lib/MOD5441X.a(mmc.o)
                0x40014474                mmc_initfunc
 *fill*         0x40014536        0x2 
 .text.startup._GLOBAL__sub_I__Z14mmc_readsectorP8F_DRIVERPvm
                0x40014538       0x3e C:\nburn/lib/MOD5441X.a(mmc.o)
 *fill*         0x40014576        0x2 
 .text.__tcf_0  0x40014578       0x56 C:\nburn/lib/MOD5441X.a(serial.o)
 *fill*         0x400145ce        0x2 
 .text._Z11BaseGetChari
                0x400145d0       0xac C:\nburn/lib/MOD5441X.a(serial.o)
                0x400145d0                _Z11BaseGetChari
 .text._Z14InitializeMapsv
                0x4001467c       0x7e C:\nburn/lib/MOD5441X.a(serial.o)
                0x4001467c                _Z14InitializeMapsv
 *fill*         0x400146fa        0x2 
 .text._Z6WakeTxi
                0x400146fc       0x88 C:\nburn/lib/MOD5441X.a(serial.o)
                0x400146fc                _Z6WakeTxi
 .text._Z11BasePutCharih
                0x40014784       0xf0 C:\nburn/lib/MOD5441X.a(serial.o)
                0x40014784                _Z11BasePutCharih
 .text._Z8serwriteiPKci
                0x40014874      0x146 C:\nburn/lib/MOD5441X.a(serial.o)
                0x40014874                _Z8serwriteiPKci
 *fill*         0x400149ba        0x2 
 .text._Z8DoSerIsri
                0x400149bc      0x2cc C:\nburn/lib/MOD5441X.a(serial.o)
                0x400149bc                _Z8DoSerIsri
 .text._Z14fake_SER_0_ISRv
                0x40014c88       0x54 C:\nburn/lib/MOD5441X.a(serial.o)
                0x40014c88                _Z14fake_SER_0_ISRv
                0x40014c8c                SER_0_ISR
 .text.real_SER_0_ISR
                0x40014cdc       0x12 C:\nburn/lib/MOD5441X.a(serial.o)
                0x40014cdc                real_SER_0_ISR
 *fill*         0x40014cee        0x2 
 .text._Z14fake_SER_1_ISRv
                0x40014cf0       0x54 C:\nburn/lib/MOD5441X.a(serial.o)
                0x40014cf0                _Z14fake_SER_1_ISRv
                0x40014cf4                SER_1_ISR
 .text.real_SER_1_ISR
                0x40014d44       0x14 C:\nburn/lib/MOD5441X.a(serial.o)
                0x40014d44                real_SER_1_ISR
 .text._Z14fake_SER_2_ISRv
                0x40014d58       0x54 C:\nburn/lib/MOD5441X.a(serial.o)
                0x40014d58                _Z14fake_SER_2_ISRv
                0x40014d5c                SER_2_ISR
 .text.real_SER_2_ISR
                0x40014dac       0x14 C:\nburn/lib/MOD5441X.a(serial.o)
                0x40014dac                real_SER_2_ISR
 .text._Z14fake_SER_3_ISRv
                0x40014dc0       0x54 C:\nburn/lib/MOD5441X.a(serial.o)
                0x40014dc0                _Z14fake_SER_3_ISRv
                0x40014dc4                SER_3_ISR
 .text.real_SER_3_ISR
                0x40014e14       0x14 C:\nburn/lib/MOD5441X.a(serial.o)
                0x40014e14                real_SER_3_ISR
 .text._Z14fake_SER_4_ISRv
                0x40014e28       0x54 C:\nburn/lib/MOD5441X.a(serial.o)
                0x40014e28                _Z14fake_SER_4_ISRv
                0x40014e2c                SER_4_ISR
 .text.real_SER_4_ISR
                0x40014e7c       0x14 C:\nburn/lib/MOD5441X.a(serial.o)
                0x40014e7c                real_SER_4_ISR
 .text._Z14fake_SER_5_ISRv
                0x40014e90       0x54 C:\nburn/lib/MOD5441X.a(serial.o)
                0x40014e90                _Z14fake_SER_5_ISRv
                0x40014e94                SER_5_ISR
 .text.real_SER_5_ISR
                0x40014ee4       0x14 C:\nburn/lib/MOD5441X.a(serial.o)
                0x40014ee4                real_SER_5_ISR
 .text._Z14fake_SER_6_ISRv
                0x40014ef8       0x54 C:\nburn/lib/MOD5441X.a(serial.o)
                0x40014ef8                _Z14fake_SER_6_ISRv
                0x40014efc                SER_6_ISR
 .text.real_SER_6_ISR
                0x40014f4c       0x14 C:\nburn/lib/MOD5441X.a(serial.o)
                0x40014f4c                real_SER_6_ISR
 .text._Z14fake_SER_7_ISRv
                0x40014f60       0x54 C:\nburn/lib/MOD5441X.a(serial.o)
                0x40014f60                _Z14fake_SER_7_ISRv
                0x40014f64                SER_7_ISR
 .text.real_SER_7_ISR
                0x40014fb4       0x14 C:\nburn/lib/MOD5441X.a(serial.o)
                0x40014fb4                real_SER_7_ISR
 .text._Z14fake_SER_8_ISRv
                0x40014fc8       0x54 C:\nburn/lib/MOD5441X.a(serial.o)
                0x40014fc8                _Z14fake_SER_8_ISRv
                0x40014fcc                SER_8_ISR
 .text.real_SER_8_ISR
                0x4001501c       0x14 C:\nburn/lib/MOD5441X.a(serial.o)
                0x4001501c                real_SER_8_ISR
 .text._Z14fake_SER_9_ISRv
                0x40015030       0x54 C:\nburn/lib/MOD5441X.a(serial.o)
                0x40015030                _Z14fake_SER_9_ISRv
                0x40015034                SER_9_ISR
 .text.real_SER_9_ISR
                0x40015084       0x14 C:\nburn/lib/MOD5441X.a(serial.o)
                0x40015084                real_SER_9_ISR
 .text._Z10serreadwtoiPcii
                0x40015098      0x22c C:\nburn/lib/MOD5441X.a(serial.o)
                0x40015098                _Z10serreadwtoiPcii
 .text._Z7serreadiPci
                0x400152c4       0x1c C:\nburn/lib/MOD5441X.a(serial.o)
                0x400152c4                _Z7serreadiPci
 .text._Z10OpenSerialijii11parity_mode
                0x400152e0      0x6da C:\nburn/lib/MOD5441X.a(serial.o)
                0x400152e0                _Z10OpenSerialijii11parity_mode
 *fill*         0x400159ba        0x2 
 .text._Z11SerialClosei
                0x400159bc       0xda C:\nburn/lib/MOD5441X.a(serial.o)
                0x400159bc                _Z11SerialClosei
 *fill*         0x40015a96        0x2 
 .text._Z16serexternalclosei
                0x40015a98       0x34 C:\nburn/lib/MOD5441X.a(serial.o)
                0x40015a98                _Z16serexternalclosei
 .text.startup._GLOBAL__sub_I_Uarts
                0x40015acc       0x5e C:\nburn/lib/MOD5441X.a(serial.o)
 *fill*         0x40015b2a        0x2 
 .text._Z9StopEnet0v
                0x40015b2c       0x4e C:\nburn/lib/MOD5441X.a(ethernet.o)
                0x40015b2c                _Z9StopEnet0v
 *fill*         0x40015b7a        0x2 
 .text._Z13EthMultifunc06MACADRh
                0x40015b7c       0x46 C:\nburn/lib/MOD5441X.a(ethernet.o)
                0x40015b7c                _Z13EthMultifunc06MACADRh
 *fill*         0x40015bc2        0x2 
 .text._Z10EtherLink0v
                0x40015bc4       0x5c C:\nburn/lib/MOD5441X.a(ethernet.o)
                0x40015bc4                _Z10EtherLink0v
 .text._ZN12EthernetVars15ProcessRxBufferEP11pool_buffer.part.1
                0x40015c20      0x1d8 C:\nburn/lib/MOD5441X.a(ethernet.o)
 .text._ZN12EthernetVars16ReadyDescriptorsEv.part.2
                0x40015df8       0xd6 C:\nburn/lib/MOD5441X.a(ethernet.o)
 *fill*         0x40015ece        0x2 
 .text._ZN12EthernetVars9RxIsrProcERVmmm
                0x40015ed0      0x25c C:\nburn/lib/MOD5441X.a(ethernet.o)
                0x40015ed0                _ZN12EthernetVars9RxIsrProcERVmmm
 .text._Z15fake_rxenetisr0v
                0x4001612c       0x54 C:\nburn/lib/MOD5441X.a(ethernet.o)
                0x4001612c                _Z15fake_rxenetisr0v
                0x40016130                rxenetisr0
 .text.real_rxenetisr0
                0x40016180       0x6c C:\nburn/lib/MOD5441X.a(ethernet.o)
                0x40016180                real_rxenetisr0
 .text._Z15fake_txenetisr0v
                0x400161ec       0x54 C:\nburn/lib/MOD5441X.a(ethernet.o)
                0x400161ec                _Z15fake_txenetisr0v
                0x400161f0                txenetisr0
 .text._Z15fake_rxenetisr1v
                0x40016240       0x54 C:\nburn/lib/MOD5441X.a(ethernet.o)
                0x40016240                _Z15fake_rxenetisr1v
                0x40016244                rxenetisr1
 .text.real_rxenetisr1
                0x40016294       0x6c C:\nburn/lib/MOD5441X.a(ethernet.o)
                0x40016294                real_rxenetisr1
 .text._Z15fake_txenetisr1v
                0x40016300       0x54 C:\nburn/lib/MOD5441X.a(ethernet.o)
                0x40016300                _Z15fake_txenetisr1v
                0x40016304                txenetisr1
 .text._ZN12EthernetVars9TxIsrProcERVmmm
                0x40016354      0x25e C:\nburn/lib/MOD5441X.a(ethernet.o)
                0x40016354                _ZN12EthernetVars9TxIsrProcERVmmm
 *fill*         0x400165b2        0x2 
 .text.real_txenetisr0
                0x400165b4       0x34 C:\nburn/lib/MOD5441X.a(ethernet.o)
                0x400165b4                real_txenetisr0
 .text.real_txenetisr1
                0x400165e8       0x34 C:\nburn/lib/MOD5441X.a(ethernet.o)
                0x400165e8                real_txenetisr1
 .text._ZN12EthernetVars17EthTransmitBufferEP11pool_buffer
                0x4001661c      0x178 C:\nburn/lib/MOD5441X.a(ethernet.o)
                0x4001661c                _ZN12EthernetVars17EthTransmitBufferEP11pool_buffer
 .text._Z18EthTransmitBuffer0P11pool_buffer
                0x40016794       0x1a C:\nburn/lib/MOD5441X.a(ethernet.o)
                0x40016794                _Z18EthTransmitBuffer0P11pool_buffer
 *fill*         0x400167ae        0x2 
 .text._ZN12EthernetVars14ResetEnetPart2Ev
                0x400167b0      0x7a6 C:\nburn/lib/MOD5441X.a(ethernet.o)
                0x400167b0                _ZN12EthernetVars14ResetEnetPart2Ev
 *fill*         0x40016f56        0x2 
 .text._ZN12EthernetVars9ResetEnetEv
                0x40016f58      0xd40 C:\nburn/lib/MOD5441X.a(ethernet.o)
                0x40016f58                _ZN12EthernetVars9ResetEnetEv
 .text._ZN12EthernetVars16ReadyDescriptorsEv
                0x40017c98       0x1a C:\nburn/lib/MOD5441X.a(ethernet.o)
                0x40017c98                _ZN12EthernetVars16ReadyDescriptorsEv
 *fill*         0x40017cb2        0x2 
 .text._ZN12EthernetVars13WarmEnetResetEv
                0x40017cb4       0xb6 C:\nburn/lib/MOD5441X.a(ethernet.o)
                0x40017cb4                _ZN12EthernetVars13WarmEnetResetEv
 *fill*         0x40017d6a        0x2 
 .text._ZN12EthernetVars19ProcessDuplexStatusEt
                0x40017d6c      0x654 C:\nburn/lib/MOD5441X.a(ethernet.o)
                0x40017d6c                _ZN12EthernetVars19ProcessDuplexStatusEt
 .text._Z17Ether_ProcessTaskPv
                0x400183c0      0x5ca C:\nburn/lib/MOD5441X.a(ethernet.o)
                0x400183c0                _Z17Ether_ProcessTaskPv
 *fill*         0x4001898a        0x2 
 .text._ZN12EthernetVars8StopEnetEv
                0x4001898c       0x6a C:\nburn/lib/MOD5441X.a(ethernet.o)
                0x4001898c                _ZN12EthernetVars8StopEnetEv
 *fill*         0x400189f6        0x2 
 .text._ZN12EthernetVars18InitializeEthernetEiiR6MACADR
                0x400189f8      0x424 C:\nburn/lib/MOD5441X.a(ethernet.o)
                0x400189f8                _ZN12EthernetVars18InitializeEthernetEiiR6MACADR
 .text._Z20AddEthernetInterfacev
                0x40018e1c      0x12e C:\nburn/lib/MOD5441X.a(ethernet.o)
                0x40018e1c                _Z20AddEthernetInterfacev
 *fill*         0x40018f4a        0x2 
 .text.startup._GLOBAL__sub_I_enet0
                0x40018f4c       0x7a C:\nburn/lib/MOD5441X.a(ethernet.o)
 *fill*         0x40018fc6        0x2 
 .text._ZN12EthernetVars9EtherLinkEv
                0x40018fc8       0x10 C:\nburn/lib/MOD5441X.a(etherprint.o)
                0x40018fc8                _ZN12EthernetVars9EtherLinkEv
 .text._ZN12EthernetVars18EthEnableMulticastE6MACADR
                0x40018fd8      0x1c8 C:\nburn/lib/MOD5441X.a(emulticast.o)
                0x40018fd8                _ZN12EthernetVars18EthEnableMulticastE6MACADR
 .text._ZN12EthernetVars19EthDisableMulticastE6MACADR
                0x400191a0      0x1f6 C:\nburn/lib/MOD5441X.a(emulticast.o)
                0x400191a0                _ZN12EthernetVars19EthDisableMulticastE6MACADR
 *fill*         0x40019396        0x2 
 .text._ZN5PinIO3setEh
                0x40019398      0xf1e C:\nburn/lib/MOD5441X.a(pins.o)
                0x40019398                _ZN5PinIO3setEh
 *fill*         0x4001a2b6        0x2 
 .text._ZN5PinIO4readEv
                0x4001a2b8      0x860 C:\nburn/lib/MOD5441X.a(pins.o)
                0x4001a2b8                _ZN5PinIO4readEv
 .text._ZN5PinIO8functionEi
                0x4001ab18      0x76a C:\nburn/lib/MOD5441X.a(pins.o)
                0x4001ab18                _ZN5PinIO8functionEi
 *fill*         0x4001b282        0x2 
 .text.spi_tx1  0x4001b284       0x9c C:\nburn/lib/MOD5441X.a(mmc_mcf.o)
                0x4001b284                spi_tx1
 .text.spi_tx2  0x4001b320       0xe8 C:\nburn/lib/MOD5441X.a(mmc_mcf.o)
                0x4001b320                spi_tx2
 .text.spi_tx4  0x4001b408      0x192 C:\nburn/lib/MOD5441X.a(mmc_mcf.o)
                0x4001b408                spi_tx4
 *fill*         0x4001b59a        0x2 
 .text.spi_tx512
                0x4001b59c       0xc0 C:\nburn/lib/MOD5441X.a(mmc_mcf.o)
                0x4001b59c                spi_tx512
 .text.spi_rx1  0x4001b65c      0x1cc C:\nburn/lib/MOD5441X.a(mmc_mcf.o)
                0x4001b65c                spi_rx1
 .text.spi_rx512
                0x4001b828      0x276 C:\nburn/lib/MOD5441X.a(mmc_mcf.o)
                0x4001b828                spi_rx512
 *fill*         0x4001ba9e        0x2 
 .text.spi_set_baudrate
                0x4001baa0      0x510 C:\nburn/lib/MOD5441X.a(mmc_mcf.o)
                0x4001baa0                spi_set_baudrate
 .text.spi_get_baudrate
                0x4001bfb0       0x20 C:\nburn/lib/MOD5441X.a(mmc_mcf.o)
                0x4001bfb0                spi_get_baudrate
 .text._Z12MMC_BaseIniti
                0x4001bfd0      0x100 C:\nburn/lib/MOD5441X.a(mmc_mcf.o)
                0x4001bfd0                _Z12MMC_BaseIniti
 .text.get_cd   0x4001c0d0       0x90 C:\nburn/lib/MOD5441X.a(mmc_mcf.o)
                0x4001c0d0                get_cd
 .text.get_wp   0x4001c160       0x56 C:\nburn/lib/MOD5441X.a(mmc_mcf.o)
                0x4001c160                get_wp
 *fill*         0x4001c1b6        0x2 
 .text.spi_cs_lo
                0x4001c1b8       0xac C:\nburn/lib/MOD5441X.a(mmc_mcf.o)
                0x4001c1b8                spi_cs_lo
 .text.spi_cs_hi
                0x4001c264       0xac C:\nburn/lib/MOD5441X.a(mmc_mcf.o)
                0x4001c264                spi_cs_hi
 .text.spi_init
                0x4001c310      0x128 C:\nburn/lib/MOD5441X.a(mmc_mcf.o)
                0x4001c310                spi_init
 .text._Z9StopEnet1v
                0x4001c438       0x16 C:\nburn/lib/MOD5441X.a(ether2nd.o)
                0x4001c438                _Z9StopEnet1v
 *fill*         0x4001c44e        0x2 
 .text._Z10EtherLink1v
                0x4001c450       0x26 C:\nburn/lib/MOD5441X.a(ether2nd.o)
                0x4001c450                _Z10EtherLink1v
 *fill*         0x4001c476        0x2 
 .text._Z18EthTransmitBuffer1P11pool_buffer
                0x4001c478       0x2e C:\nburn/lib/MOD5441X.a(ether2nd.o)
                0x4001c478                _Z18EthTransmitBuffer1P11pool_buffer
 *fill*         0x4001c4a6        0x2 
 .text._Z13EthMultifunc16MACADRh
                0x4001c4a8       0x46 C:\nburn/lib/MOD5441X.a(ether2nd.o)
                0x4001c4a8                _Z13EthMultifunc16MACADRh
 *fill*         0x4001c4ee        0x2 
 .text._Z14Add2ndEthernetv
                0x4001c4f0      0x1ee C:\nburn/lib/MOD5441X.a(ether2nd.o)
                0x4001c4f0                _Z14Add2ndEthernetv
 *fill*         0x4001c6de        0x2 
 .text.startup._GLOBAL__sub_I_EthernetBlock1
                0x4001c6e0       0x26 C:\nburn/lib/MOD5441X.a(ether2nd.o)
 *fill*         0x4001c706        0x2 
 .text._Z17ConfigurePitTimerii.part.0
                0x4001c708       0xda C:\nburn/lib/MOD5441X.a(pitr_sem.o)
 *fill*         0x4001c7e2        0x2 
 .text._Z15fake_NbPit1_ISRv
                0x4001c7e4       0x54 C:\nburn/lib/MOD5441X.a(pitr_sem.o)
                0x4001c7e4                _Z15fake_NbPit1_ISRv
                0x4001c7e8                NbPit1_ISR
 .text.real_NbPit1_ISR
                0x4001c838       0x56 C:\nburn/lib/MOD5441X.a(pitr_sem.o)
                0x4001c838                real_NbPit1_ISR
 *fill*         0x4001c88e        0x2 
 .text._Z15fake_NbPit2_ISRv
                0x4001c890       0x54 C:\nburn/lib/MOD5441X.a(pitr_sem.o)
                0x4001c890                _Z15fake_NbPit2_ISRv
                0x4001c894                NbPit2_ISR
 .text.real_NbPit2_ISR
                0x4001c8e4       0x58 C:\nburn/lib/MOD5441X.a(pitr_sem.o)
                0x4001c8e4                real_NbPit2_ISR
 .text._Z12InitPitOSSemiP6OS_SEMi
                0x4001c93c       0x42 C:\nburn/lib/MOD5441X.a(pitr_sem.o)
                0x4001c93c                _Z12InitPitOSSemiP6OS_SEMi
 *fill*         0x4001c97e        0x2 
 .text.MCF541X_RTCGetTime
                0x4001c980      0x120 C:\nburn/lib/MOD5441X.a(mcf5441x_rtc.o)
                0x4001c980                MCF541X_RTCGetTime
 .text.MCF541X_RTCSetTime
                0x4001caa0      0x120 C:\nburn/lib/MOD5441X.a(mcf5441x_rtc.o)
                0x4001caa0                MCF541X_RTCSetTime
 .text.MCF541X_RTCSetSystemFromRTCTime
                0x4001cbc0       0x42 C:\nburn/lib/MOD5441X.a(mcf5441x_rtc.o)
                0x4001cbc0                MCF541X_RTCSetSystemFromRTCTime
 *fill*         0x4001cc02        0x2 
 .text._Z14UpdateMacTableblPhjjh
                0x4001cc04      0x2b2 C:\nburn/lib/MOD5441X.a(etherswitch.o)
                0x4001cc04                _Z14UpdateMacTableblPhjjh
 *fill*         0x4001ceb6        0x2 
 .text._Z12LearnMACPortv
                0x4001ceb8       0x84 C:\nburn/lib/MOD5441X.a(etherswitch.o)
                0x4001ceb8                _Z12LearnMACPortv
 .text._Z15DoMacTableMaintv
                0x4001cf3c      0x164 C:\nburn/lib/MOD5441X.a(etherswitch.o)
                0x4001cf3c                _Z15DoMacTableMaintv
 .text._Z19RemoveMacTableEntry6MACADR
                0x4001d0a0       0xca C:\nburn/lib/MOD5441X.a(etherswitch.o)
                0x4001d0a0                _Z19RemoveMacTableEntry6MACADR
 *fill*         0x4001d16a        0x2 
 .text._Z12InitMacTablev
                0x4001d16c       0xb2 C:\nburn/lib/MOD5441X.a(etherswitch.o)
                0x4001d16c                _Z12InitMacTablev
 *fill*         0x4001d21e        0x2 
 .text._Z17fake_rxeswitchisrv
                0x4001d220       0x54 C:\nburn/lib/MOD5441X.a(etherswitch.o)
                0x4001d220                _Z17fake_rxeswitchisrv
                0x4001d224                rxeswitchisr
 .text.real_rxeswitchisr
                0x4001d274       0x52 C:\nburn/lib/MOD5441X.a(etherswitch.o)
                0x4001d274                real_rxeswitchisr
 *fill*         0x4001d2c6        0x2 
 .text._Z17fake_txeswitchisrv
                0x4001d2c8       0x54 C:\nburn/lib/MOD5441X.a(etherswitch.o)
                0x4001d2c8                _Z17fake_txeswitchisrv
                0x4001d2cc                txeswitchisr
 .text.real_txeswitchisr
                0x4001d31c       0x52 C:\nburn/lib/MOD5441X.a(etherswitch.o)
                0x4001d31c                real_txeswitchisr
 *fill*         0x4001d36e        0x2 
 .text._Z14fake_eswlrnisrv
                0x4001d370       0x54 C:\nburn/lib/MOD5441X.a(etherswitch.o)
                0x4001d370                _Z14fake_eswlrnisrv
                0x4001d374                eswlrnisr
 .text.real_eswlrnisr
                0x4001d3c4       0xac C:\nburn/lib/MOD5441X.a(etherswitch.o)
                0x4001d3c4                real_eswlrnisr
 .text._Z15EtherSwitchInitv
                0x4001d470      0x220 C:\nburn/lib/MOD5441X.a(etherswitch.o)
                0x4001d470                _Z15EtherSwitchInitv
 .text._Z13GetUartRecordi
                0x4001d690       0x3a C:\nburn/lib/MOD5441X.a(localio.o)
                0x4001d690                _Z13GetUartRecordi
 *fill*         0x4001d6ca        0x2 
 .text._Z11LocalInBytev
                0x4001d6cc       0x5e C:\nburn/lib/MOD5441X.a(localio.o)
                0x4001d6cc                _Z11LocalInBytev
 *fill*         0x4001d72a        0x2 
 .text._Z12LocalOutBytec
                0x4001d72c       0x5e C:\nburn/lib/MOD5441X.a(localio.o)
                0x4001d72c                _Z12LocalOutBytec
 *fill*         0x4001d78a        0x2 
 .text.startup  0x4001d78c        0xc C:\nburn/lib/NetBurner.a(main.o)
                0x4001d78c                main
 .text._Z22TopOfStackKillfunctionv
                0x4001d798        0xc C:\nburn/lib/NetBurner.a(ucosmcfc.o)
                0x4001d798                _Z22TopOfStackKillfunctionv
                0x4001d79c                KillFunctionLink
 .text._Z9OSTCBInithPvS_PlPKc
                0x4001d7a4       0xc2 C:\nburn/lib/NetBurner.a(ucosmcfc.o)
                0x4001d7a4                _Z9OSTCBInithPvS_PlPKc
 *fill*         0x4001d866        0x2 
 .text._Z17OSTaskCreatewNamePFvPvES_S_S_hPKc
                0x4001d868      0x4ba C:\nburn/lib/NetBurner.a(ucosmcfc.o)
                0x4001d868                _Z17OSTaskCreatewNamePFvPvES_S_S_hPKc
 *fill*         0x4001dd22        0x2 
 .text._Z12OSTaskCreatePFvPvES_S_S_h
                0x4001dd24       0x28 C:\nburn/lib/NetBurner.a(ucosmcfc.o)
                0x4001dd24                _Z12OSTaskCreatePFvPvES_S_S_h
 .text._ZL10OSTaskIdlePv
                0x4001dd4c       0x2a C:\nburn/lib/NetBurner.a(ucos.o)
 *fill*         0x4001dd76        0x2 
 .text._ZN6OS_SEM5ClaimEv.part.0
                0x4001dd78       0x40 C:\nburn/lib/NetBurner.a(ucos.o)
 .text._Z6OSInitPvS_h
                0x4001ddb8      0x16e C:\nburn/lib/NetBurner.a(ucos.o)
                0x4001ddb8                _Z6OSInitPvS_h
 *fill*         0x4001df26        0x2 
 .text._Z7OSStartv
                0x4001df28       0x7a C:\nburn/lib/NetBurner.a(ucos.o)
                0x4001df28                _Z7OSStartv
 *fill*         0x4001dfa2        0x2 
 .text.OSSched  0x4001dfa4       0x92 C:\nburn/lib/NetBurner.a(ucos.o)
                0x4001dfa4                OSSched
                0x4001e028                UCOSWAITS_HERE
 *fill*         0x4001e036        0x2 
 .text.OSIntExit
                0x4001e038       0x96 C:\nburn/lib/NetBurner.a(ucos.o)
                0x4001e038                OSIntExit
 *fill*         0x4001e0ce        0x2 
 .text._Z9OSTimeDlyt
                0x4001e0d0       0xb0 C:\nburn/lib/NetBurner.a(ucos.o)
                0x4001e0d0                _Z9OSTimeDlyt
 .text.OSTimeTick
                0x4001e180      0x104 C:\nburn/lib/NetBurner.a(ucos.o)
                0x4001e180                OSTimeTick
 .text._Z12OSTCBGetFreev
                0x4001e284       0x2c C:\nburn/lib/NetBurner.a(ucos.o)
                0x4001e284                _Z12OSTCBGetFreev
 .text._Z6OSLockv
                0x4001e2b0       0x26 C:\nburn/lib/NetBurner.a(ucos.o)
                0x4001e2b0                _Z6OSLockv
 *fill*         0x4001e2d6        0x2 
 .text._Z8OSUnlockv
                0x4001e2d8       0x3e C:\nburn/lib/NetBurner.a(ucos.o)
                0x4001e2d8                _Z8OSUnlockv
 *fill*         0x4001e316        0x2 
 .text._Z12OSChangePrioh
                0x4001e318       0xfc C:\nburn/lib/NetBurner.a(ucos.o)
                0x4001e318                _Z12OSChangePrioh
 .text._Z12OSTaskDeletev
                0x4001e414      0x112 C:\nburn/lib/NetBurner.a(ucos.o)
                0x4001e414                _Z12OSTaskDeletev
 *fill*         0x4001e526        0x2 
 .text._ZN15OS_TASK_DLY_OBJC2Ev
                0x4001e528       0x30 C:\nburn/lib/NetBurner.a(ucos.o)
                0x4001e528                _ZN15OS_TASK_DLY_OBJC2Ev
                0x4001e528                _ZN15OS_TASK_DLY_OBJC1Ev
 .text._ZN6OS_SEM4InitEl
                0x4001e558       0x88 C:\nburn/lib/NetBurner.a(ucos.o)
                0x4001e558                _ZN6OS_SEM4InitEl
 .text._ZN6OS_SEM4PendEm
                0x4001e5e0      0x1fe C:\nburn/lib/NetBurner.a(ucos.o)
                0x4001e5e0                _ZN6OS_SEM4PendEm
 *fill*         0x4001e7de        0x2 
 .text._ZN6OS_SEM10PendNoWaitEv
                0x4001e7e0       0x48 C:\nburn/lib/NetBurner.a(ucos.o)
                0x4001e7e0                _ZN6OS_SEM10PendNoWaitEv
 .text._ZN6OS_SEM4PostEv
                0x4001e828      0x17a C:\nburn/lib/NetBurner.a(ucos.o)
                0x4001e828                _ZN6OS_SEM4PostEv
 *fill*         0x4001e9a2        0x2 
 .text._ZN7OS_FIFO4InitEv
                0x4001e9a4       0x48 C:\nburn/lib/NetBurner.a(ucos.o)
                0x4001e9a4                _ZN7OS_FIFO4InitEv
 .text._ZN7OS_FIFO4PendEPPV10os_fifo_elm
                0x4001e9ec      0x1d8 C:\nburn/lib/NetBurner.a(ucos.o)
                0x4001e9ec                _ZN7OS_FIFO4PendEPPV10os_fifo_elm
 .text._ZN7OS_FIFO10PendNoWaitEPPV10os_fifo_el
                0x4001ebc4       0x66 C:\nburn/lib/NetBurner.a(ucos.o)
                0x4001ebc4                _ZN7OS_FIFO10PendNoWaitEPPV10os_fifo_el
 *fill*         0x4001ec2a        0x2 
 .text._ZN7OS_FIFO4PostEP10os_fifo_el
                0x4001ec2c      0x162 C:\nburn/lib/NetBurner.a(ucos.o)
                0x4001ec2c                _ZN7OS_FIFO4PostEP10os_fifo_el
 *fill*         0x4001ed8e        0x2 
 .text.getpid   0x4001ed90       0x18 C:\nburn/lib/NetBurner.a(ucos.o)
                0x4001ed90                getpid
 .text._ZN7OS_CRIT4InitEv
                0x4001eda8       0x4c C:\nburn/lib/NetBurner.a(ucos.o)
                0x4001eda8                _ZN7OS_CRIT4InitEv
 .text._ZN7OS_CRIT5EnterEm
                0x4001edf4      0x20a C:\nburn/lib/NetBurner.a(ucos.o)
                0x4001edf4                _ZN7OS_CRIT5EnterEm
 *fill*         0x4001effe        0x2 
 .text._ZN7OS_CRIT11EnterNoWaitEv
                0x4001f000       0x70 C:\nburn/lib/NetBurner.a(ucos.o)
                0x4001f000                _ZN7OS_CRIT11EnterNoWaitEv
 .text._ZN7OS_CRIT5LeaveEv
                0x4001f070      0x188 C:\nburn/lib/NetBurner.a(ucos.o)
                0x4001f070                _ZN7OS_CRIT5LeaveEv
 .text._Z8OSTaskIDv
                0x4001f1f8       0x12 C:\nburn/lib/NetBurner.a(ucos.o)
                0x4001f1f8                _Z8OSTaskIDv
 *fill*         0x4001f20a        0x2 
 .text.cppmain  0x4001f20c       0x40 C:\nburn/lib/NetBurner.a(cppmain.o)
                0x4001f20c                cppmain
 .text._ZL11OSTestFlagsP8os_flags
                0x4001f24c       0x8a C:\nburn/lib/NetBurner.a(ucosflags.o)
 *fill*         0x4001f2d6        0x2 
 .text._Z9OSFlagSetP8os_flagsm
                0x4001f2d8       0x2e C:\nburn/lib/NetBurner.a(ucosflags.o)
                0x4001f2d8                _Z9OSFlagSetP8os_flagsm
 *fill*         0x4001f306        0x2 
 .text._Z23SetAddressReadRangeTrapmm
                0x4001f308      0x104 C:\nburn/lib/NetBurner.a(debugtrap.o)
                0x4001f308                _Z23SetAddressReadRangeTrapmm
 .text.UCosSetup
                0x4001f40c       0x80 C:\nburn/lib/NetBurner.a(ucosmain.o)
                0x4001f40c                UCosSetup
 .text.__malloc_lock
                0x4001f48c       0x1c C:\nburn/lib/NetBurner.a(ucosmain.o)
                0x4001f48c                __malloc_lock
 .text.__malloc_unlock
                0x4001f4a8       0x1c C:\nburn/lib/NetBurner.a(ucosmain.o)
                0x4001f4a8                __malloc_unlock
 .text._Z9UCosBeginv
                0x4001f4c4       0xba C:\nburn/lib/NetBurner.a(ucosmain.o)
                0x4001f4c4                _Z9UCosBeginv
 *fill*         0x4001f57e        0x2 
 .text.startup._GLOBAL__sub_I_OSIdleTaskStk
                0x4001f580       0x22 C:\nburn/lib/NetBurner.a(ucosmain.o)
 *fill*         0x4001f5a2        0x2 
 .text.ioctl    0x4001f5a4       0x5c C:\nburn/lib/NetBurner.a(fileio.o)
                0x4001f5a4                ioctl
 .text.close    0x4001f600       0x48 C:\nburn/lib/NetBurner.a(fileio.o)
                0x4001f600                close
 .text.write    0x4001f648      0x126 C:\nburn/lib/NetBurner.a(fileio.o)
                0x4001f648                write
 *fill*         0x4001f76e        0x2 
 .text._Z8rawwriteiPKci
                0x4001f770       0xb6 C:\nburn/lib/NetBurner.a(fileio.o)
                0x4001f770                _Z8rawwriteiPKci
 *fill*         0x4001f826        0x2 
 .text.isatty   0x4001f828       0x14 C:\nburn/lib/NetBurner.a(fileio.o)
                0x4001f828                isatty
 .text.lseek    0x4001f83c       0x16 C:\nburn/lib/NetBurner.a(fileio.o)
                0x4001f83c                lseek
 *fill*         0x4001f852        0x2 
 .text.fstat    0x4001f854       0x1c C:\nburn/lib/NetBurner.a(fileio.o)
                0x4001f854                fstat
 .text._Z11stdioinbytei
                0x4001f870       0x74 C:\nburn/lib/NetBurner.a(fileio.o)
                0x4001f870                _Z11stdioinbytei
 .text.read     0x4001f8e4      0x186 C:\nburn/lib/NetBurner.a(fileio.o)
                0x4001f8e4                read
 *fill*         0x4001fa6a        0x2 
 .text.ReplaceStdio
                0x4001fa6c       0xae C:\nburn/lib/NetBurner.a(fileio.o)
                0x4001fa6c                ReplaceStdio
 *fill*         0x4001fb1a        0x2 
 .text.CurrentStdioFD
                0x4001fb1c       0x22 C:\nburn/lib/NetBurner.a(fileio.o)
                0x4001fb1c                CurrentStdioFD
 *fill*         0x4001fb3e        0x2 
 .text._Z9isvalidcrP12ConfigRecord
                0x4001fb40       0x46 C:\nburn/lib/NetBurner.a(system.o)
                0x4001fb40                _Z9isvalidcrP12ConfigRecord
 *fill*         0x4001fb86        0x2 
 .text._Z12RawGetConfigi
                0x4001fb88       0x24 C:\nburn/lib/NetBurner.a(system.o)
                0x4001fb88                _Z12RawGetConfigi
 .text._Z22UpdateConfigRecord_NumP12ConfigRecordi
                0x4001fbac      0x18e C:\nburn/lib/NetBurner.a(system.o)
                0x4001fbac                _Z22UpdateConfigRecord_NumP12ConfigRecordi
 *fill*         0x4001fd3a        0x2 
 .text._Z18UpdateConfigRecordP12ConfigRecord
                0x4001fd3c       0x16 C:\nburn/lib/NetBurner.a(system.o)
                0x4001fd3c                _Z18UpdateConfigRecordP12ConfigRecord
 *fill*         0x4001fd52        0x2 
 .text._Z18SaveUserParametersPvi
                0x4001fd54       0x84 C:\nburn/lib/NetBurner.a(userparam.o)
                0x4001fd54                _Z18SaveUserParametersPvi
 .text._Z17GetUserParametersv
                0x4001fdd8        0xe C:\nburn/lib/NetBurner.a(userparam.o)
                0x4001fdd8                _Z17GetUserParametersv
 *fill*         0x4001fde6        0x2 
 .text.kill     0x4001fde8        0xa C:\nburn/lib/NetBurner.a(utils.o)
                0x4001fde8                kill
 *fill*         0x4001fdf2        0x2 
 .text._exit    0x4001fdf4        0x6 C:\nburn/lib/NetBurner.a(utils.o)
                0x4001fdf4                _exit
 *fill*         0x4001fdfa        0x2 
 .text._fini    0x4001fdfc        0xa C:\nburn/lib/NetBurner.a(utils.o)
                0x4001fdfc                _fini
 *fill*         0x4001fe06        0x2 
 .text._Z7ShowMacP6MACADR
                0x4001fe08       0x42 C:\nburn/lib/NetBurner.a(utils.o)
                0x4001fe08                _Z7ShowMacP6MACADR
 *fill*         0x4001fe4a        0x2 
 .text._Z7ShowIP47IPADDR4
                0x4001fe4c       0x36 C:\nburn/lib/NetBurner.a(utils.o)
                0x4001fe4c                _Z7ShowIP47IPADDR4
 *fill*         0x4001fe82        0x2 
 .text._Z9snShowIP4Pcm7IPADDR4
                0x4001fe84       0x3a C:\nburn/lib/NetBurner.a(utils.o)
                0x4001fe84                _Z9snShowIP4Pcm7IPADDR4
 *fill*         0x4001febe        0x2 
 .text._Z10AsciiToIp4PKc
                0x4001fec0       0x7c C:\nburn/lib/NetBurner.a(utils.o)
                0x4001fec0                _Z10AsciiToIp4PKc
 .text._Z8ShowDataPKht
                0x4001ff3c      0x1b2 C:\nburn/lib/NetBurner.a(utils.o)
                0x4001ff3c                _Z8ShowDataPKht
 *fill*         0x400200ee        0x2 
 .text._ZN18BufferCriticalLockD2Ev
                0x400200f0       0x48 C:\nburn/lib/NetBurner.a(buffers.o)
                0x400200f0                _ZN18BufferCriticalLockD1Ev
                0x400200f0                _ZN18BufferCriticalLockD2Ev
 .text._Z13IncUsageCountP11pool_buffer
                0x40020138       0x3e C:\nburn/lib/NetBurner.a(buffers.o)
                0x40020138                _Z13IncUsageCountP11pool_buffer
 *fill*         0x40020176        0x2 
 .text._Z12GetFreeCountv
                0x40020178       0x16 C:\nburn/lib/NetBurner.a(buffers.o)
                0x40020178                _Z12GetFreeCountv
 *fill*         0x4002018e        0x2 
 .text._ZN11buffer_list10InsertHeadEP11pool_buffer
                0x40020190       0x6e C:\nburn/lib/NetBurner.a(buffers.o)
                0x40020190                _ZN11buffer_list10InsertHeadEP11pool_buffer
 *fill*         0x400201fe        0x2 
 .text._Z10FreeBufferP11pool_buffer
                0x40020200       0x8c C:\nburn/lib/NetBurner.a(buffers.o)
                0x40020200                _Z10FreeBufferP11pool_buffer
 .text._Z11InitBuffersv
                0x4002028c       0xd0 C:\nburn/lib/NetBurner.a(buffers.o)
                0x4002028c                _Z11InitBuffersv
 .text._ZN11buffer_list10InsertTailEP11pool_buffer
                0x4002035c       0x62 C:\nburn/lib/NetBurner.a(buffers.o)